<?xml version="1.0" encoding="ISO-8859-1" ?>
<link_info>
   <banner>TI ARM Linker PC v18.12.7.LTS</banner>
   <copyright>Copyright (c) 1996-2018 Texas Instruments Incorporated</copyright>
   <link_time>0x690d08a5</link_time>
   <link_errors>0x0</link_errors>
   <output_file>proy_https.out</output_file>
   <entry_point>
      <name>_c_int00_noargs</name>
      <address>0x5ef5</address>
   </entry_point>
   <input_file_list>
      <input_file id="fl-2">
         <path>.\</path>
         <kind>object</kind>
         <file>enet_fs.obj</file>
         <name>enet_fs.obj</name>
      </input_file>
      <input_file id="fl-3">
         <path>.\</path>
         <kind>object</kind>
         <file>enet_lwip.obj</file>
         <name>enet_lwip.obj</name>
      </input_file>
      <input_file id="fl-4">
         <path>.\</path>
         <kind>object</kind>
         <file>startup_ccs.obj</file>
         <name>startup_ccs.obj</name>
      </input_file>
      <input_file id="fl-5">
         <path>.\drivers\</path>
         <kind>object</kind>
         <file>pinout.obj</file>
         <name>pinout.obj</name>
      </input_file>
      <input_file id="fl-6">
         <path>.\third_party\fatfs\port\</path>
         <kind>object</kind>
         <file>mmc-ek-tm4c1294xl.obj</file>
         <name>mmc-ek-tm4c1294xl.obj</name>
      </input_file>
      <input_file id="fl-7">
         <path>.\third_party\fatfs\src\</path>
         <kind>object</kind>
         <file>ff.obj</file>
         <name>ff.obj</name>
      </input_file>
      <input_file id="fl-8">
         <path>.\third_party\lwip-1.4.1\apps\httpserver_raw\</path>
         <kind>object</kind>
         <file>httpd.obj</file>
         <name>httpd.obj</name>
      </input_file>
      <input_file id="fl-9">
         <path>.\utils\</path>
         <kind>object</kind>
         <file>locator.obj</file>
         <name>locator.obj</name>
      </input_file>
      <input_file id="fl-a">
         <path>.\utils\</path>
         <kind>object</kind>
         <file>lwiplib.obj</file>
         <name>lwiplib.obj</name>
      </input_file>
      <input_file id="fl-b">
         <path>.\utils\</path>
         <kind>object</kind>
         <file>uartstdio.obj</file>
         <name>uartstdio.obj</name>
      </input_file>
      <input_file id="fl-c">
         <path>.\utils\</path>
         <kind>object</kind>
         <file>ustdlib.obj</file>
         <name>ustdlib.obj</name>
      </input_file>
      <input_file id="fl-11">
         <kind>object</kind>
         <file>&lt;internal&gt;</file>
         <name>&lt;internal&gt;</name>
      </input_file>
      <input_file id="fl-12">
         <path>C:\ti\TivaWare_C_Series-2.2.0.295\driverlib\ccs\Debug\</path>
         <kind>archive</kind>
         <file>driverlib.lib</file>
         <name>emac.obj</name>
      </input_file>
      <input_file id="fl-13">
         <path>C:\ti\TivaWare_C_Series-2.2.0.295\driverlib\ccs\Debug\</path>
         <kind>archive</kind>
         <file>driverlib.lib</file>
         <name>flash.obj</name>
      </input_file>
      <input_file id="fl-14">
         <path>C:\ti\TivaWare_C_Series-2.2.0.295\driverlib\ccs\Debug\</path>
         <kind>archive</kind>
         <file>driverlib.lib</file>
         <name>gpio.obj</name>
      </input_file>
      <input_file id="fl-15">
         <path>C:\ti\TivaWare_C_Series-2.2.0.295\driverlib\ccs\Debug\</path>
         <kind>archive</kind>
         <file>driverlib.lib</file>
         <name>interrupt.obj</name>
      </input_file>
      <input_file id="fl-16">
         <path>C:\ti\TivaWare_C_Series-2.2.0.295\driverlib\ccs\Debug\</path>
         <kind>archive</kind>
         <file>driverlib.lib</file>
         <name>sw_crc.obj</name>
      </input_file>
      <input_file id="fl-17">
         <path>C:\ti\TivaWare_C_Series-2.2.0.295\driverlib\ccs\Debug\</path>
         <kind>archive</kind>
         <file>driverlib.lib</file>
         <name>sysctl.obj</name>
      </input_file>
      <input_file id="fl-18">
         <path>C:\ti\TivaWare_C_Series-2.2.0.295\driverlib\ccs\Debug\</path>
         <kind>archive</kind>
         <file>driverlib.lib</file>
         <name>systick.obj</name>
      </input_file>
      <input_file id="fl-19">
         <path>C:\ti\TivaWare_C_Series-2.2.0.295\driverlib\ccs\Debug\</path>
         <kind>archive</kind>
         <file>driverlib.lib</file>
         <name>cpu.obj</name>
      </input_file>
      <input_file id="fl-cf">
         <path>C:\ti\ccs1281\ccs\tools\compiler\ti-cgt-arm_18.2.7.LTS\lib\</path>
         <kind>archive</kind>
         <file>rtsv7M4_T_le_v4SPD16_eabi.lib</file>
         <name>memset_t2.asm.obj</name>
      </input_file>
      <input_file id="fl-d0">
         <path>C:\ti\ccs1281\ccs\tools\compiler\ti-cgt-arm_18.2.7.LTS\lib\</path>
         <kind>archive</kind>
         <file>rtsv7M4_T_le_v4SPD16_eabi.lib</file>
         <name>memcpy_t2.asm.obj</name>
      </input_file>
      <input_file id="fl-d1">
         <path>C:\ti\ccs1281\ccs\tools\compiler\ti-cgt-arm_18.2.7.LTS\lib\</path>
         <kind>archive</kind>
         <file>rtsv7M4_T_le_v4SPD16_eabi.lib</file>
         <name>u_divt2.asm.obj</name>
      </input_file>
      <input_file id="fl-d2">
         <path>C:\ti\ccs1281\ccs\tools\compiler\ti-cgt-arm_18.2.7.LTS\lib\</path>
         <kind>archive</kind>
         <file>rtsv7M4_T_le_v4SPD16_eabi.lib</file>
         <name>copy_zero_init.c.obj</name>
      </input_file>
      <input_file id="fl-d3">
         <path>C:\ti\ccs1281\ccs\tools\compiler\ti-cgt-arm_18.2.7.LTS\lib\</path>
         <kind>archive</kind>
         <file>rtsv7M4_T_le_v4SPD16_eabi.lib</file>
         <name>copy_decompress_none.c.obj</name>
      </input_file>
      <input_file id="fl-d4">
         <path>C:\ti\ccs1281\ccs\tools\compiler\ti-cgt-arm_18.2.7.LTS\lib\</path>
         <kind>archive</kind>
         <file>rtsv7M4_T_le_v4SPD16_eabi.lib</file>
         <name>copy_decompress_lzss.c.obj</name>
      </input_file>
      <input_file id="fl-d5">
         <path>C:\ti\ccs1281\ccs\tools\compiler\ti-cgt-arm_18.2.7.LTS\lib\</path>
         <kind>archive</kind>
         <file>rtsv7M4_T_le_v4SPD16_eabi.lib</file>
         <name>memcmp.c.obj</name>
      </input_file>
      <input_file id="fl-d6">
         <path>C:\ti\ccs1281\ccs\tools\compiler\ti-cgt-arm_18.2.7.LTS\lib\</path>
         <kind>archive</kind>
         <file>rtsv7M4_T_le_v4SPD16_eabi.lib</file>
         <name>strchr.c.obj</name>
      </input_file>
      <input_file id="fl-d7">
         <path>C:\ti\ccs1281\ccs\tools\compiler\ti-cgt-arm_18.2.7.LTS\lib\</path>
         <kind>archive</kind>
         <file>rtsv7M4_T_le_v4SPD16_eabi.lib</file>
         <name>strcmp.c.obj</name>
      </input_file>
      <input_file id="fl-d8">
         <path>C:\ti\ccs1281\ccs\tools\compiler\ti-cgt-arm_18.2.7.LTS\lib\</path>
         <kind>archive</kind>
         <file>rtsv7M4_T_le_v4SPD16_eabi.lib</file>
         <name>strlen.c.obj</name>
      </input_file>
      <input_file id="fl-d9">
         <path>C:\ti\ccs1281\ccs\tools\compiler\ti-cgt-arm_18.2.7.LTS\lib\</path>
         <kind>archive</kind>
         <file>rtsv7M4_T_le_v4SPD16_eabi.lib</file>
         <name>strncmp.c.obj</name>
      </input_file>
      <input_file id="fl-da">
         <path>C:\ti\ccs1281\ccs\tools\compiler\ti-cgt-arm_18.2.7.LTS\lib\</path>
         <kind>archive</kind>
         <file>rtsv7M4_T_le_v4SPD16_eabi.lib</file>
         <name>strstr.c.obj</name>
      </input_file>
      <input_file id="fl-db">
         <path>C:\ti\ccs1281\ccs\tools\compiler\ti-cgt-arm_18.2.7.LTS\lib\</path>
         <kind>archive</kind>
         <file>rtsv7M4_T_le_v4SPD16_eabi.lib</file>
         <name>boot_cortex_m.c.obj</name>
      </input_file>
      <input_file id="fl-dc">
         <path>C:\ti\ccs1281\ccs\tools\compiler\ti-cgt-arm_18.2.7.LTS\lib\</path>
         <kind>archive</kind>
         <file>rtsv7M4_T_le_v4SPD16_eabi.lib</file>
         <name>div0.asm.obj</name>
      </input_file>
      <input_file id="fl-dd">
         <path>C:\ti\ccs1281\ccs\tools\compiler\ti-cgt-arm_18.2.7.LTS\lib\</path>
         <kind>archive</kind>
         <file>rtsv7M4_T_le_v4SPD16_eabi.lib</file>
         <name>autoinit.c.obj</name>
      </input_file>
      <input_file id="fl-de">
         <path>C:\ti\ccs1281\ccs\tools\compiler\ti-cgt-arm_18.2.7.LTS\lib\</path>
         <kind>archive</kind>
         <file>rtsv7M4_T_le_v4SPD16_eabi.lib</file>
         <name>pre_init.c.obj</name>
      </input_file>
      <input_file id="fl-df">
         <path>C:\ti\ccs1281\ccs\tools\compiler\ti-cgt-arm_18.2.7.LTS\lib\</path>
         <kind>archive</kind>
         <file>rtsv7M4_T_le_v4SPD16_eabi.lib</file>
         <name>cpy_tbl.c.obj</name>
      </input_file>
      <input_file id="fl-e0">
         <path>C:\ti\ccs1281\ccs\tools\compiler\ti-cgt-arm_18.2.7.LTS\lib\</path>
         <kind>archive</kind>
         <file>rtsv7M4_T_le_v4SPD16_eabi.lib</file>
         <name>exit.c.obj</name>
      </input_file>
      <input_file id="fl-e1">
         <path>C:\ti\ccs1281\ccs\tools\compiler\ti-cgt-arm_18.2.7.LTS\lib\</path>
         <kind>archive</kind>
         <file>rtsv7M4_T_le_v4SPD16_eabi.lib</file>
         <name>_lock.c.obj</name>
      </input_file>
      <input_file id="fl-e2">
         <path>C:\ti\ccs1281\ccs\tools\compiler\ti-cgt-arm_18.2.7.LTS\lib\</path>
         <kind>archive</kind>
         <file>rtsv7M4_T_le_v4SPD16_eabi.lib</file>
         <name>args_main.c.obj</name>
      </input_file>
   </input_file_list>
   <object_component_list>
      <object_component id="oc-10">
         <name>.intvecs</name>
         <load_address>0x0</load_address>
         <run_address>0x0</run_address>
         <size>0x200</size>
         <input_file_ref idref="fl-4"/>
      </object_component>
      <object_component id="oc-7fd">
         <name>.text:tcp_receive</name>
         <load_address>0x200</load_address>
         <run_address>0x200</run_address>
         <size>0x79c</size>
         <input_file_ref idref="fl-a"/>
      </object_component>
      <object_component id="oc-6e0">
         <name>.text:tcp_process</name>
         <load_address>0x99c</load_address>
         <run_address>0x99c</run_address>
         <size>0x3b4</size>
         <input_file_ref idref="fl-a"/>
      </object_component>
      <object_component id="oc-5a5">
         <name>.text:tcp_input</name>
         <load_address>0xd50</load_address>
         <run_address>0xd50</run_address>
         <size>0x3a8</size>
         <input_file_ref idref="fl-a"/>
      </object_component>
      <object_component id="oc-532">
         <name>.text:tcp_write</name>
         <load_address>0x10f8</load_address>
         <run_address>0x10f8</run_address>
         <size>0x2e4</size>
         <input_file_ref idref="fl-a"/>
      </object_component>
      <object_component id="oc-2e7">
         <name>.text:tcp_slowtmr</name>
         <load_address>0x13dc</load_address>
         <run_address>0x13dc</run_address>
         <size>0x2c8</size>
         <input_file_ref idref="fl-a"/>
      </object_component>
      <object_component id="oc-5bd">
         <name>.text:uvsnprintf</name>
         <load_address>0x16a4</load_address>
         <run_address>0x16a4</run_address>
         <size>0x251</size>
         <input_file_ref idref="fl-c"/>
      </object_component>
      <object_component id="oc-31">
         <name>.text:FaultISR</name>
         <load_address>0x18f6</load_address>
         <run_address>0x18f6</run_address>
         <size>0x2</size>
         <input_file_ref idref="fl-4"/>
      </object_component>
      <object_component id="oc-e9">
         <name>.text:main</name>
         <load_address>0x18f8</load_address>
         <run_address>0x18f8</run_address>
         <size>0x210</size>
         <input_file_ref idref="fl-3"/>
      </object_component>
      <object_component id="oc-1ce">
         <name>.text:PinoutSet</name>
         <load_address>0x1b08</load_address>
         <run_address>0x1b08</run_address>
         <size>0x20c</size>
         <input_file_ref idref="fl-5"/>
      </object_component>
      <object_component id="oc-1c8">
         <name>.text:SysCtlClockFreqSet</name>
         <load_address>0x1d14</load_address>
         <run_address>0x1d14</run_address>
         <size>0x200</size>
         <input_file_ref idref="fl-17"/>
      </object_component>
      <object_component id="oc-335">
         <name>.text:UARTvprintf</name>
         <load_address>0x1f14</load_address>
         <run_address>0x1f14</run_address>
         <size>0x1ee</size>
         <input_file_ref idref="fl-b"/>
      </object_component>
      <object_component id="oc-37">
         <name>.text:IntDefaultHandler</name>
         <load_address>0x2102</load_address>
         <run_address>0x2102</run_address>
         <size>0x2</size>
         <input_file_ref idref="fl-4"/>
      </object_component>
      <object_component id="oc-391">
         <name>.text:ESPSendPost</name>
         <load_address>0x2104</load_address>
         <run_address>0x2104</run_address>
         <size>0x1ec</size>
         <input_file_ref idref="fl-3"/>
      </object_component>
      <object_component id="oc-3f8">
         <name>.text:ip_input</name>
         <load_address>0x22f0</load_address>
         <run_address>0x22f0</run_address>
         <size>0x1a8</size>
         <input_file_ref idref="fl-a"/>
      </object_component>
      <object_component id="oc-59f">
         <name>.text:udp_input</name>
         <load_address>0x2498</load_address>
         <run_address>0x2498</run_address>
         <size>0x19c</size>
         <input_file_ref idref="fl-a"/>
      </object_component>
      <object_component id="oc-420">
         <name>.text:tcp_output</name>
         <load_address>0x2634</load_address>
         <run_address>0x2634</run_address>
         <size>0x18c</size>
         <input_file_ref idref="fl-a"/>
      </object_component>
      <object_component id="oc-5ab">
         <name>.text:icmp_input</name>
         <load_address>0x27c0</load_address>
         <run_address>0x27c0</run_address>
         <size>0x184</size>
         <input_file_ref idref="fl-a"/>
      </object_component>
      <object_component id="oc-1f2">
         <name>.text:GPIOPadConfigSet</name>
         <load_address>0x2944</load_address>
         <run_address>0x2944</run_address>
         <size>0x16c</size>
         <input_file_ref idref="fl-14"/>
      </object_component>
      <object_component id="oc-7d8">
         <name>.text:tcp_close_shutdown</name>
         <load_address>0x2ab0</load_address>
         <run_address>0x2ab0</run_address>
         <size>0x148</size>
         <input_file_ref idref="fl-a"/>
      </object_component>
      <object_component id="oc-158">
         <name>.text:tivaif_receive</name>
         <load_address>0x2bf8</load_address>
         <run_address>0x2bf8</run_address>
         <size>0x140</size>
         <input_file_ref idref="fl-a"/>
      </object_component>
      <object_component id="oc-2c2">
         <name>.text:pbuf_alloc</name>
         <load_address>0x2d38</load_address>
         <run_address>0x2d38</run_address>
         <size>0x13a</size>
         <input_file_ref idref="fl-a"/>
      </object_component>
      <object_component id="oc-2b">
         <name>.text:NmiSR</name>
         <load_address>0x2e72</load_address>
         <run_address>0x2e72</run_address>
         <size>0x2</size>
         <input_file_ref idref="fl-4"/>
      </object_component>
      <object_component id="oc-3ec">
         <name>.text:etharp_arp_input</name>
         <load_address>0x2e74</load_address>
         <run_address>0x2e74</run_address>
         <size>0x124</size>
         <input_file_ref idref="fl-a"/>
      </object_component>
      <object_component id="oc-62f">
         <name>.text:etharp_output</name>
         <load_address>0x2f98</load_address>
         <run_address>0x2f98</run_address>
         <size>0x118</size>
         <input_file_ref idref="fl-a"/>
      </object_component>
      <object_component id="oc-79d">
         <name>.text:etharp_query</name>
         <load_address>0x30b0</load_address>
         <run_address>0x30b0</run_address>
         <size>0x114</size>
         <input_file_ref idref="fl-a"/>
      </object_component>
      <object_component id="oc-6d4">
         <name>.text:tcp_listen_input</name>
         <load_address>0x31c4</load_address>
         <run_address>0x31c4</run_address>
         <size>0x114</size>
         <input_file_ref idref="fl-a"/>
      </object_component>
      <object_component id="oc-635">
         <name>.text:tivaif_transmit</name>
         <load_address>0x32d8</load_address>
         <run_address>0x32d8</run_address>
         <size>0x100</size>
         <input_file_ref idref="fl-a"/>
      </object_component>
      <object_component id="oc-40e">
         <name>.text:mem_malloc</name>
         <load_address>0x33d8</load_address>
         <run_address>0x33d8</run_address>
         <size>0xf8</size>
         <input_file_ref idref="fl-a"/>
      </object_component>
      <object_component id="oc-4f5">
         <name>.text:tcp_connect</name>
         <load_address>0x34d0</load_address>
         <run_address>0x34d0</run_address>
         <size>0xf8</size>
         <input_file_ref idref="fl-a"/>
      </object_component>
      <object_component id="oc-23a">
         <name>.text:HandleButton</name>
         <load_address>0x35c8</load_address>
         <run_address>0x35c8</run_address>
         <size>0xec</size>
         <input_file_ref idref="fl-3"/>
      </object_component>
      <object_component id="oc-210">
         <name>.text:lwIPInit</name>
         <load_address>0x36b4</load_address>
         <run_address>0x36b4</run_address>
         <size>0xec</size>
         <input_file_ref idref="fl-a"/>
      </object_component>
      <object_component id="oc-6c3">
         <name>.text:mem_trim</name>
         <load_address>0x37a0</load_address>
         <run_address>0x37a0</run_address>
         <size>0xe8</size>
         <input_file_ref idref="fl-a"/>
      </object_component>
      <object_component id="oc-6b5">
         <name>.text:etharp_find_entry</name>
         <load_address>0x3888</load_address>
         <run_address>0x3888</run_address>
         <size>0xe0</size>
         <input_file_ref idref="fl-a"/>
      </object_component>
      <object_component id="oc-64a">
         <name>.text:tcp_alloc</name>
         <load_address>0x3968</load_address>
         <run_address>0x3968</run_address>
         <size>0xd0</size>
         <input_file_ref idref="fl-a"/>
      </object_component>
      <object_component id="oc-75e">
         <name>.text:InitDMADescriptors</name>
         <load_address>0x3a38</load_address>
         <run_address>0x3a38</run_address>
         <size>0xc4</size>
         <input_file_ref idref="fl-a"/>
      </object_component>
      <object_component id="oc-560">
         <name>.text:etharp_raw</name>
         <load_address>0x3afc</load_address>
         <run_address>0x3afc</run_address>
         <size>0xc4</size>
         <input_file_ref idref="fl-a"/>
      </object_component>
      <object_component id="oc-643">
         <name>.text:udp_sendto_if</name>
         <load_address>0x3bc0</load_address>
         <run_address>0x3bc0</run_address>
         <size>0xc4</size>
         <input_file_ref idref="fl-a"/>
      </object_component>
      <object_component id="oc-5cb">
         <name>.text:tcp_output_segment</name>
         <load_address>0x3c84</load_address>
         <run_address>0x3c84</run_address>
         <size>0xc0</size>
         <input_file_ref idref="fl-a"/>
      </object_component>
      <object_component id="oc-38b">
         <name>.text:ESPInit</name>
         <load_address>0x3d44</load_address>
         <run_address>0x3d44</run_address>
         <size>0xbc</size>
         <input_file_ref idref="fl-3"/>
      </object_component>
      <object_component id="oc-695">
         <name>.text:tcp_create_segment</name>
         <load_address>0x3e00</load_address>
         <run_address>0x3e00</run_address>
         <size>0xbc</size>
         <input_file_ref idref="fl-a"/>
      </object_component>
      <object_component id="oc-626">
         <name>.text:tivaif_hwinit</name>
         <load_address>0x3ebc</load_address>
         <run_address>0x3ebc</run_address>
         <size>0xbc</size>
         <input_file_ref idref="fl-a"/>
      </object_component>
      <object_component id="oc-2bc">
         <name>.text:ethernet_input</name>
         <load_address>0x3f78</load_address>
         <run_address>0x3f78</run_address>
         <size>0xac</size>
         <input_file_ref idref="fl-a"/>
      </object_component>
      <object_component id="oc-66a">
         <name>.text:tcp_enqueue_flags</name>
         <load_address>0x4024</load_address>
         <run_address>0x4024</run_address>
         <size>0xac</size>
         <input_file_ref idref="fl-a"/>
      </object_component>
      <object_component id="oc-703">
         <name>.text:ip_output_if</name>
         <load_address>0x40d0</load_address>
         <run_address>0x40d0</run_address>
         <size>0xa8</size>
         <input_file_ref idref="fl-a"/>
      </object_component>
      <object_component id="oc-15e">
         <name>.text:lwIPHostTimerHandler</name>
         <load_address>0x4178</load_address>
         <run_address>0x4178</run_address>
         <size>0x9c</size>
         <input_file_ref idref="fl-3"/>
      </object_component>
      <object_component id="oc-57">
         <name>.text</name>
         <load_address>0x4214</load_address>
         <run_address>0x4214</run_address>
         <size>0x9c</size>
         <input_file_ref idref="fl-d0"/>
      </object_component>
      <object_component id="oc-6fd">
         <name>.text:pbuf_copy</name>
         <load_address>0x42b0</load_address>
         <run_address>0x42b0</run_address>
         <size>0x92</size>
         <input_file_ref idref="fl-a"/>
      </object_component>
      <object_component id="oc-5ff">
         <name>.text</name>
         <load_address>0x4342</load_address>
         <run_address>0x4342</run_address>
         <size>0x2</size>
         <input_file_ref idref="fl-dc"/>
      </object_component>
      <object_component id="oc-7f5">
         <name>.text:tcp_abandon</name>
         <load_address>0x4344</load_address>
         <run_address>0x4344</run_address>
         <size>0x90</size>
         <input_file_ref idref="fl-a"/>
      </object_component>
      <object_component id="oc-526">
         <name>.text:urlEncode</name>
         <load_address>0x43d4</load_address>
         <run_address>0x43d4</run_address>
         <size>0x90</size>
         <input_file_ref idref="fl-3"/>
      </object_component>
      <object_component id="oc-435">
         <name>.text:tcp_zero_window_probe</name>
         <load_address>0x4464</load_address>
         <run_address>0x4464</run_address>
         <size>0x8c</size>
         <input_file_ref idref="fl-a"/>
      </object_component>
      <object_component id="oc-374">
         <name>.text:LocatorReceive</name>
         <load_address>0x44f0</load_address>
         <run_address>0x44f0</run_address>
         <size>0x88</size>
         <input_file_ref idref="fl-9"/>
      </object_component>
      <object_component id="oc-6da">
         <name>.text:tcp_timewait_input</name>
         <load_address>0x4578</load_address>
         <run_address>0x4578</run_address>
         <size>0x84</size>
         <input_file_ref idref="fl-a"/>
      </object_component>
      <object_component id="oc-513">
         <name>.text:ESPRecv</name>
         <load_address>0x45fc</load_address>
         <run_address>0x45fc</run_address>
         <size>0x80</size>
         <input_file_ref idref="fl-3"/>
      </object_component>
      <object_component id="oc-43">
         <name>.text:lwIPEthernetIntHandler</name>
         <load_address>0x467c</load_address>
         <run_address>0x467c</run_address>
         <size>0x80</size>
         <input_file_ref idref="fl-a"/>
      </object_component>
      <object_component id="oc-358">
         <name>.text:lwIPPrivateInit</name>
         <load_address>0x46fc</load_address>
         <run_address>0x46fc</run_address>
         <size>0x80</size>
         <input_file_ref idref="fl-a"/>
      </object_component>
      <object_component id="oc-4ef">
         <name>.text:tcp_bind</name>
         <load_address>0x477c</load_address>
         <run_address>0x477c</run_address>
         <size>0x80</size>
         <input_file_ref idref="fl-a"/>
      </object_component>
      <object_component id="oc-7ef">
         <name>.text:tcp_parseopt</name>
         <load_address>0x47fc</load_address>
         <run_address>0x47fc</run_address>
         <size>0x80</size>
         <input_file_ref idref="fl-a"/>
      </object_component>
      <object_component id="oc-86b">
         <name>.text:tcp_oos_insert_segment</name>
         <load_address>0x487c</load_address>
         <run_address>0x487c</run_address>
         <size>0x7c</size>
         <input_file_ref idref="fl-a"/>
      </object_component>
      <object_component id="oc-44d">
         <name>.text:tcp_rst</name>
         <load_address>0x48f8</load_address>
         <run_address>0x48f8</run_address>
         <size>0x7c</size>
         <input_file_ref idref="fl-a"/>
      </object_component>
      <object_component id="oc-14c">
         <name>.text:tivaif_process_phy_interrupt</name>
         <load_address>0x4974</load_address>
         <run_address>0x4974</run_address>
         <size>0x7c</size>
         <input_file_ref idref="fl-a"/>
      </object_component>
      <object_component id="oc-dd">
         <name>.text</name>
         <load_address>0x49f0</load_address>
         <run_address>0x49f0</run_address>
         <size>0x7a</size>
         <input_file_ref idref="fl-cf"/>
      </object_component>
      <object_component id="oc-51f">
         <name>.text:ESPError</name>
         <load_address>0x4a6c</load_address>
         <run_address>0x4a6c</run_address>
         <size>0x74</size>
         <input_file_ref idref="fl-3"/>
      </object_component>
      <object_component id="oc-579">
         <name>.text:etharp_update_arp_entry</name>
         <load_address>0x4ae0</load_address>
         <run_address>0x4ae0</run_address>
         <size>0x74</size>
         <input_file_ref idref="fl-a"/>
      </object_component>
      <object_component id="oc-593">
         <name>.text:raw_input</name>
         <load_address>0x4b54</load_address>
         <run_address>0x4b54</run_address>
         <size>0x74</size>
         <input_file_ref idref="fl-a"/>
      </object_component>
      <object_component id="oc-3d8">
         <name>.text:mem_free</name>
         <load_address>0x4bc8</load_address>
         <run_address>0x4bc8</run_address>
         <size>0x70</size>
         <input_file_ref idref="fl-a"/>
      </object_component>
      <object_component id="oc-2e1">
         <name>.text:tcp_fasttmr</name>
         <load_address>0x4c38</load_address>
         <run_address>0x4c38</run_address>
         <size>0x70</size>
         <input_file_ref idref="fl-a"/>
      </object_component>
      <object_component id="oc-6cc">
         <name>.text:icmp_send_response</name>
         <load_address>0x4ca8</load_address>
         <run_address>0x4ca8</run_address>
         <size>0x6c</size>
         <input_file_ref idref="fl-a"/>
      </object_component>
      <object_component id="oc-60e">
         <name>.text:memp_init</name>
         <load_address>0x4d14</load_address>
         <run_address>0x4d14</run_address>
         <size>0x6c</size>
         <input_file_ref idref="fl-a"/>
      </object_component>
      <object_component id="oc-22e">
         <name>.text:IntEnable</name>
         <load_address>0x4d80</load_address>
         <run_address>0x4d80</run_address>
         <size>0x68</size>
         <input_file_ref idref="fl-15"/>
      </object_component>
      <object_component id="oc-13">
         <name>.text:decompress:lzss:__TI_decompress_lzss</name>
         <load_address>0x4de8</load_address>
         <run_address>0x4de8</run_address>
         <size>0x68</size>
         <input_file_ref idref="fl-d4"/>
      </object_component>
      <object_component id="oc-80e">
         <name>.text:lwip_standard_chksum</name>
         <load_address>0x4e50</load_address>
         <run_address>0x4e50</run_address>
         <size>0x68</size>
         <input_file_ref idref="fl-a"/>
      </object_component>
      <object_component id="oc-732">
         <name>.text:sys_timeout</name>
         <load_address>0x4eb8</load_address>
         <run_address>0x4eb8</run_address>
         <size>0x68</size>
         <input_file_ref idref="fl-a"/>
      </object_component>
      <object_component id="oc-5e1">
         <name>.text:tcp_output_alloc_header</name>
         <load_address>0x4f20</load_address>
         <run_address>0x4f20</run_address>
         <size>0x68</size>
         <input_file_ref idref="fl-a"/>
      </object_component>
      <object_component id="oc-426">
         <name>.text:tcp_process_refused_data</name>
         <load_address>0x4f88</load_address>
         <run_address>0x4f88</run_address>
         <size>0x68</size>
         <input_file_ref idref="fl-a"/>
      </object_component>
      <object_component id="oc-36b">
         <name>.text:udp_bind</name>
         <load_address>0x4ff0</load_address>
         <run_address>0x4ff0</run_address>
         <size>0x68</size>
         <input_file_ref idref="fl-a"/>
      </object_component>
      <object_component id="oc-5e7">
         <name>.text:pbuf_copy_partial</name>
         <load_address>0x5058</load_address>
         <run_address>0x5058</run_address>
         <size>0x66</size>
         <input_file_ref idref="fl-a"/>
      </object_component>
      <object_component id="oc-3f2">
         <name>.text:pbuf_header</name>
         <load_address>0x50be</load_address>
         <run_address>0x50be</run_address>
         <size>0x64</size>
         <input_file_ref idref="fl-a"/>
      </object_component>
      <object_component id="oc-1d4">
         <name>.text:UARTStdioConfig</name>
         <load_address>0x5124</load_address>
         <run_address>0x5124</run_address>
         <size>0x60</size>
         <input_file_ref idref="fl-b"/>
      </object_component>
      <object_component id="oc-56c">
         <name>.text:plug_holes</name>
         <load_address>0x5184</load_address>
         <run_address>0x5184</run_address>
         <size>0x60</size>
         <input_file_ref idref="fl-a"/>
      </object_component>
      <object_component id="oc-608">
         <name>.text:mem_init</name>
         <load_address>0x51e4</load_address>
         <run_address>0x51e4</run_address>
         <size>0x5c</size>
         <input_file_ref idref="fl-a"/>
      </object_component>
      <object_component id="oc-745">
         <name>.text:netif_set_ipaddr</name>
         <load_address>0x5240</load_address>
         <run_address>0x5240</run_address>
         <size>0x5c</size>
         <input_file_ref idref="fl-a"/>
      </object_component>
      <object_component id="oc-6ec">
         <name>.text:tcp_pcb_remove</name>
         <load_address>0x529c</load_address>
         <run_address>0x529c</run_address>
         <size>0x5c</size>
         <input_file_ref idref="fl-a"/>
      </object_component>
      <object_component id="oc-587">
         <name>.text:pbuf_realloc</name>
         <load_address>0x52f8</load_address>
         <run_address>0x52f8</run_address>
         <size>0x5a</size>
         <input_file_ref idref="fl-a"/>
      </object_component>
      <object_component id="oc-352">
         <name>.text:EMACPHYConfigSet</name>
         <load_address>0x5354</load_address>
         <run_address>0x5354</run_address>
         <size>0x58</size>
         <input_file_ref idref="fl-12"/>
      </object_component>
      <object_component id="oc-402">
         <name>.text:memp_malloc</name>
         <load_address>0x53ac</load_address>
         <run_address>0x53ac</run_address>
         <size>0x58</size>
         <input_file_ref idref="fl-a"/>
      </object_component>
      <object_component id="oc-651">
         <name>.text:tcp_new_port</name>
         <load_address>0x5404</load_address>
         <run_address>0x5404</run_address>
         <size>0x58</size>
         <input_file_ref idref="fl-a"/>
      </object_component>
      <object_component id="oc-803">
         <name>.text:tcp_rexmit</name>
         <load_address>0x545c</load_address>
         <run_address>0x545c</run_address>
         <size>0x56</size>
         <input_file_ref idref="fl-a"/>
      </object_component>
      <object_component id="oc-216">
         <name>.text:LocatorInit</name>
         <load_address>0x54b4</load_address>
         <run_address>0x54b4</run_address>
         <size>0x54</size>
         <input_file_ref idref="fl-9"/>
      </object_component>
      <object_component id="oc-689">
         <name>.text:tcp_pbuf_prealloc</name>
         <load_address>0x5508</load_address>
         <run_address>0x5508</run_address>
         <size>0x52</size>
         <input_file_ref idref="fl-a"/>
      </object_component>
      <object_component id="oc-152">
         <name>.text:tivaif_process_transmit</name>
         <load_address>0x555a</load_address>
         <run_address>0x555a</run_address>
         <size>0x52</size>
         <input_file_ref idref="fl-a"/>
      </object_component>
      <object_component id="oc-50d">
         <name>.text:ESPConnected</name>
         <load_address>0x55ac</load_address>
         <run_address>0x55ac</run_address>
         <size>0x50</size>
         <input_file_ref idref="fl-3"/>
      </object_component>
      <object_component id="oc-494">
         <name>.text:SysCtlPeripheralReset</name>
         <load_address>0x55fc</load_address>
         <run_address>0x55fc</run_address>
         <size>0x50</size>
         <input_file_ref idref="fl-17"/>
      </object_component>
      <object_component id="oc-481">
         <name>.text:UARTwrite</name>
         <load_address>0x564c</load_address>
         <run_address>0x564c</run_address>
         <size>0x50</size>
         <input_file_ref idref="fl-b"/>
      </object_component>
      <object_component id="oc-af">
         <name>.text:lwIPServiceTimers</name>
         <load_address>0x569c</load_address>
         <run_address>0x569c</run_address>
         <size>0x50</size>
         <input_file_ref idref="fl-a"/>
      </object_component>
      <object_component id="oc-683">
         <name>.text:tcp_write_checks</name>
         <load_address>0x56ec</load_address>
         <run_address>0x56ec</run_address>
         <size>0x50</size>
         <input_file_ref idref="fl-a"/>
      </object_component>
      <object_component id="oc-6f7">
         <name>.text:inet_chksum_pbuf</name>
         <load_address>0x573c</load_address>
         <run_address>0x573c</run_address>
         <size>0x4e</size>
         <input_file_ref idref="fl-a"/>
      </object_component>
      <object_component id="oc-2af">
         <name>.text:pbuf_free</name>
         <load_address>0x578a</load_address>
         <run_address>0x578a</run_address>
         <size>0x4e</size>
         <input_file_ref idref="fl-a"/>
      </object_component>
      <object_component id="oc-63d">
         <name>.text:ip_route</name>
         <load_address>0x57d8</load_address>
         <run_address>0x57d8</run_address>
         <size>0x4c</size>
         <input_file_ref idref="fl-a"/>
      </object_component>
      <object_component id="oc-4b3">
         <name>.text:netif_add</name>
         <load_address>0x5824</load_address>
         <run_address>0x5824</run_address>
         <size>0x4c</size>
         <input_file_ref idref="fl-a"/>
      </object_component>
      <object_component id="oc-a9">
         <name>.text:tivaif_interrupt</name>
         <load_address>0x5870</load_address>
         <run_address>0x5870</run_address>
         <size>0x4c</size>
         <input_file_ref idref="fl-a"/>
      </object_component>
      <object_component id="oc-4ce">
         <name>.text:udp_new_port</name>
         <load_address>0x58bc</load_address>
         <run_address>0x58bc</run_address>
         <size>0x4c</size>
         <input_file_ref idref="fl-a"/>
      </object_component>
      <object_component id="oc-30f">
         <name>.text:_SysCtlFrequencyGet</name>
         <load_address>0x5908</load_address>
         <run_address>0x5908</run_address>
         <size>0x48</size>
         <input_file_ref idref="fl-17"/>
      </object_component>
      <object_component id="oc-797">
         <name>.text:etharp_output_to_arp_index</name>
         <load_address>0x5950</load_address>
         <run_address>0x5950</run_address>
         <size>0x48</size>
         <input_file_ref idref="fl-a"/>
      </object_component>
      <object_component id="oc-5ed">
         <name>.text:ip_output</name>
         <load_address>0x5998</load_address>
         <run_address>0x5998</run_address>
         <size>0x48</size>
         <input_file_ref idref="fl-a"/>
      </object_component>
      <object_component id="oc-7c5">
         <name>.text:tcp_kill_prio</name>
         <load_address>0x59e0</load_address>
         <run_address>0x59e0</run_address>
         <size>0x48</size>
         <input_file_ref idref="fl-a"/>
      </object_component>
      <object_component id="oc-85f">
         <name>.text:tcp_rexmit_fast</name>
         <load_address>0x5a28</load_address>
         <run_address>0x5a28</run_address>
         <size>0x48</size>
         <input_file_ref idref="fl-a"/>
      </object_component>
      <object_component id="oc-7aa">
         <name>.text:tivaif_check_pbuf</name>
         <load_address>0x5a70</load_address>
         <run_address>0x5a70</run_address>
         <size>0x48</size>
         <input_file_ref idref="fl-a"/>
      </object_component>
      <object_component id="oc-5c5">
         <name>.text:tcp_send_empty_ack</name>
         <load_address>0x5ab8</load_address>
         <run_address>0x5ab8</run_address>
         <size>0x46</size>
         <input_file_ref idref="fl-a"/>
      </object_component>
      <object_component id="oc-855">
         <name>.text:tcp_send_fin</name>
         <load_address>0x5afe</load_address>
         <run_address>0x5afe</run_address>
         <size>0x46</size>
         <input_file_ref idref="fl-a"/>
      </object_component>
      <object_component id="oc-24e">
         <name>.text:__TI_auto_init_nobinit_nopinit:__TI_auto_init_nobinit_nopinit</name>
         <load_address>0x5b44</load_address>
         <run_address>0x5b44</run_address>
         <size>0x44</size>
         <input_file_ref idref="fl-dd"/>
      </object_component>
      <object_component id="oc-43b">
         <name>.text:tcp_keepalive</name>
         <load_address>0x5b88</load_address>
         <run_address>0x5b88</run_address>
         <size>0x44</size>
         <input_file_ref idref="fl-a"/>
      </object_component>
      <object_component id="oc-447">
         <name>.text:tcp_pcb_purge</name>
         <load_address>0x5bcc</load_address>
         <run_address>0x5bcc</run_address>
         <size>0x42</size>
         <input_file_ref idref="fl-a"/>
      </object_component>
      <object_component id="oc-164">
         <name>.text:etharp_tmr</name>
         <load_address>0x5c10</load_address>
         <run_address>0x5c10</run_address>
         <size>0x40</size>
         <input_file_ref idref="fl-a"/>
      </object_component>
      <object_component id="oc-487">
         <name>.text</name>
         <load_address>0x5c50</load_address>
         <run_address>0x5c50</run_address>
         <size>0x40</size>
         <input_file_ref idref="fl-d1"/>
      </object_component>
      <object_component id="oc-782">
         <name>.text:EMACIntEnable</name>
         <load_address>0x5c90</load_address>
         <run_address>0x5c90</run_address>
         <size>0x3a</size>
         <input_file_ref idref="fl-12"/>
      </object_component>
      <object_component id="oc-2cf">
         <name>.text:DisplayIPAddress</name>
         <load_address>0x5ccc</load_address>
         <run_address>0x5ccc</run_address>
         <size>0x38</size>
         <input_file_ref idref="fl-3"/>
      </object_component>
      <object_component id="oc-2a8">
         <name>.text:EMACConfigSet</name>
         <load_address>0x5d04</load_address>
         <run_address>0x5d04</run_address>
         <size>0x38</size>
         <input_file_ref idref="fl-12"/>
      </object_component>
      <object_component id="oc-519">
         <name>.text:ESPSent</name>
         <load_address>0x5d3c</load_address>
         <run_address>0x5d3c</run_address>
         <size>0x38</size>
         <input_file_ref idref="fl-3"/>
      </object_component>
      <object_component id="oc-222">
         <name>.text:LocatorAppTitleSet</name>
         <load_address>0x5d74</load_address>
         <run_address>0x5d74</run_address>
         <size>0x38</size>
         <input_file_ref idref="fl-9"/>
      </object_component>
      <object_component id="oc-49a">
         <name>.text:SysCtlPeripheralReady</name>
         <load_address>0x5dac</load_address>
         <run_address>0x5dac</run_address>
         <size>0x38</size>
         <input_file_ref idref="fl-17"/>
      </object_component>
      <object_component id="oc-3de">
         <name>.text:memp_free</name>
         <load_address>0x5de4</load_address>
         <run_address>0x5de4</run_address>
         <size>0x38</size>
         <input_file_ref idref="fl-a"/>
      </object_component>
      <object_component id="oc-7cd">
         <name>.text:tcpip_tcp_timer</name>
         <load_address>0x5e1c</load_address>
         <run_address>0x5e1c</run_address>
         <size>0x38</size>
         <input_file_ref idref="fl-a"/>
      </object_component>
      <object_component id="oc-4d8">
         <name>.text:udp_sendto</name>
         <load_address>0x5e54</load_address>
         <run_address>0x5e54</run_address>
         <size>0x38</size>
         <input_file_ref idref="fl-a"/>
      </object_component>
      <object_component id="oc-2a2">
         <name>.text:EMACConfigGet</name>
         <load_address>0x5e8c</load_address>
         <run_address>0x5e8c</run_address>
         <size>0x34</size>
         <input_file_ref idref="fl-12"/>
      </object_component>
      <object_component id="oc-770">
         <name>.text:EMACIntClear</name>
         <load_address>0x5ec0</load_address>
         <run_address>0x5ec0</run_address>
         <size>0x34</size>
         <input_file_ref idref="fl-12"/>
      </object_component>
      <object_component id="oc-75">
         <name>.text:_c_int00_noargs:_c_int00_noargs</name>
         <load_address>0x5ef4</load_address>
         <run_address>0x5ef4</run_address>
         <size>0x34</size>
         <input_file_ref idref="fl-db"/>
      </object_component>
      <object_component id="oc-7bf">
         <name>.text:tcp_kill_timewait</name>
         <load_address>0x5f28</load_address>
         <run_address>0x5f28</run_address>
         <size>0x34</size>
         <input_file_ref idref="fl-a"/>
      </object_component>
      <object_component id="oc-657">
         <name>.text:tcp_timer_needed</name>
         <load_address>0x5f5c</load_address>
         <run_address>0x5f5c</run_address>
         <size>0x34</size>
         <input_file_ref idref="fl-a"/>
      </object_component>
      <object_component id="oc-4c5">
         <name>.text:tivaif_init</name>
         <load_address>0x5f90</load_address>
         <run_address>0x5f90</run_address>
         <size>0x34</size>
         <input_file_ref idref="fl-a"/>
      </object_component>
      <object_component id="oc-58d">
         <name>.text:ip4_addr_isbroadcast</name>
         <load_address>0x5fc4</load_address>
         <run_address>0x5fc4</run_address>
         <size>0x32</size>
         <input_file_ref idref="fl-a"/>
      </object_component>
      <object_component id="oc-71b">
         <name>.text:tcp_recved</name>
         <load_address>0x5ff6</load_address>
         <run_address>0x5ff6</run_address>
         <size>0x32</size>
         <input_file_ref idref="fl-a"/>
      </object_component>
      <object_component id="oc-818">
         <name>.text:tcp_update_rcv_ann_wnd</name>
         <load_address>0x6028</load_address>
         <run_address>0x6028</run_address>
         <size>0x30</size>
         <input_file_ref idref="fl-a"/>
      </object_component>
      <object_component id="oc-42f">
         <name>.text:tcp_rexmit_rto</name>
         <load_address>0x6058</load_address>
         <run_address>0x6058</run_address>
         <size>0x2e</size>
         <input_file_ref idref="fl-a"/>
      </object_component>
      <object_component id="oc-97">
         <name>.text:EMACIntStatus</name>
         <load_address>0x6086</load_address>
         <run_address>0x6086</run_address>
         <size>0x2c</size>
         <input_file_ref idref="fl-12"/>
      </object_component>
      <object_component id="oc-341">
         <name>.text:GPIODirModeSet</name>
         <load_address>0x60b2</load_address>
         <run_address>0x60b2</run_address>
         <size>0x2c</size>
         <input_file_ref idref="fl-14"/>
      </object_component>
      <object_component id="oc-3c3">
         <name>.text:etharp_request</name>
         <load_address>0x60e0</load_address>
         <run_address>0x60e0</run_address>
         <size>0x2c</size>
         <input_file_ref idref="fl-a"/>
      </object_component>
      <object_component id="oc-2b6">
         <name>.text:pbuf_cat</name>
         <load_address>0x610c</load_address>
         <run_address>0x610c</run_address>
         <size>0x2a</size>
         <input_file_ref idref="fl-a"/>
      </object_component>
      <object_component id="oc-70a">
         <name>.text:ustrncpy</name>
         <load_address>0x6136</load_address>
         <run_address>0x6136</run_address>
         <size>0x2a</size>
         <input_file_ref idref="fl-c"/>
      </object_component>
      <object_component id="oc-290">
         <name>.text:EMACPHYRead</name>
         <load_address>0x6160</load_address>
         <run_address>0x6160</run_address>
         <size>0x26</size>
         <input_file_ref idref="fl-12"/>
      </object_component>
      <object_component id="oc-764">
         <name>.text:EMACPHYWrite</name>
         <load_address>0x6186</load_address>
         <run_address>0x6186</run_address>
         <size>0x26</size>
         <input_file_ref idref="fl-12"/>
      </object_component>
      <object_component id="oc-5d9">
         <name>.text:tcp_recv_null</name>
         <load_address>0x61ac</load_address>
         <run_address>0x61ac</run_address>
         <size>0x26</size>
         <input_file_ref idref="fl-a"/>
      </object_component>
      <object_component id="oc-228">
         <name>.text:IntPrioritySet</name>
         <load_address>0x61d4</load_address>
         <run_address>0x61d4</run_address>
         <size>0x24</size>
         <input_file_ref idref="fl-15"/>
      </object_component>
      <object_component id="oc-2d7">
         <name>.text:etharp_free_entry</name>
         <load_address>0x61f8</load_address>
         <run_address>0x61f8</run_address>
         <size>0x24</size>
         <input_file_ref idref="fl-a"/>
      </object_component>
      <object_component id="oc-3e6">
         <name>.text:memcmp</name>
         <load_address>0x621c</load_address>
         <run_address>0x621c</run_address>
         <size>0x24</size>
         <input_file_ref idref="fl-d5"/>
      </object_component>
      <object_component id="oc-29c">
         <name>.text:netif_set_link_up</name>
         <load_address>0x6240</load_address>
         <run_address>0x6240</run_address>
         <size>0x24</size>
         <input_file_ref idref="fl-a"/>
      </object_component>
      <object_component id="oc-4bf">
         <name>.text:netif_set_up</name>
         <load_address>0x6264</load_address>
         <run_address>0x6264</run_address>
         <size>0x24</size>
         <input_file_ref idref="fl-a"/>
      </object_component>
      <object_component id="oc-865">
         <name>.text:tcp_seg_copy</name>
         <load_address>0x6288</load_address>
         <run_address>0x6288</run_address>
         <size>0x24</size>
         <input_file_ref idref="fl-a"/>
      </object_component>
      <object_component id="oc-21c">
         <name>.text:LocatorMACAddrSet</name>
         <load_address>0x62ac</load_address>
         <run_address>0x62ac</run_address>
         <size>0x20</size>
         <input_file_ref idref="fl-9"/>
      </object_component>
      <object_component id="oc-309">
         <name>.text:_SysCtlMemTimingGet</name>
         <load_address>0x62cc</load_address>
         <run_address>0x62cc</run_address>
         <size>0x20</size>
         <input_file_ref idref="fl-17"/>
      </object_component>
      <object_component id="oc-6bb">
         <name>.text:etharp_send_ip</name>
         <load_address>0x62ec</load_address>
         <run_address>0x62ec</run_address>
         <size>0x20</size>
         <input_file_ref idref="fl-a"/>
      </object_component>
      <object_component id="oc-8d">
         <name>.text:lwIPTimer</name>
         <load_address>0x630c</load_address>
         <run_address>0x630c</run_address>
         <size>0x20</size>
         <input_file_ref idref="fl-a"/>
      </object_component>
      <object_component id="oc-614">
         <name>.text:sys_timeouts_init</name>
         <load_address>0x632c</load_address>
         <run_address>0x632c</run_address>
         <size>0x20</size>
         <input_file_ref idref="fl-a"/>
      </object_component>
      <object_component id="oc-664">
         <name>.text:tcp_eff_send_mss</name>
         <load_address>0x634c</load_address>
         <run_address>0x634c</run_address>
         <size>0x20</size>
         <input_file_ref idref="fl-a"/>
      </object_component>
      <object_component id="oc-16a">
         <name>.text:tcp_tmr</name>
         <load_address>0x636c</load_address>
         <run_address>0x636c</run_address>
         <size>0x20</size>
         <input_file_ref idref="fl-a"/>
      </object_component>
      <object_component id="oc-416">
         <name>.text:usprintf</name>
         <load_address>0x638c</load_address>
         <run_address>0x638c</run_address>
         <size>0x20</size>
         <input_file_ref idref="fl-c"/>
      </object_component>
      <object_component id="oc-758">
         <name>.text:EMACAddrGet</name>
         <load_address>0x63ac</load_address>
         <run_address>0x63ac</run_address>
         <size>0x1e</size>
         <input_file_ref idref="fl-12"/>
      </object_component>
      <object_component id="oc-61c">
         <name>.text:netif_set_addr</name>
         <load_address>0x63ca</load_address>
         <run_address>0x63ca</run_address>
         <size>0x1c</size>
         <input_file_ref idref="fl-a"/>
      </object_component>
      <object_component id="oc-35f">
         <name>.text:udp_new</name>
         <load_address>0x63e6</load_address>
         <run_address>0x63e6</run_address>
         <size>0x1c</size>
         <input_file_ref idref="fl-a"/>
      </object_component>
      <object_component id="oc-1e0">
         <name>.text:GPIOPinTypeGPIOOutput</name>
         <load_address>0x6402</load_address>
         <run_address>0x6402</run_address>
         <size>0x1a</size>
         <input_file_ref idref="fl-14"/>
      </object_component>
      <object_component id="oc-1da">
         <name>.text:UARTprintf</name>
         <load_address>0x641c</load_address>
         <run_address>0x641c</run_address>
         <size>0x1a</size>
         <input_file_ref idref="fl-b"/>
      </object_component>
      <object_component id="oc-4ad">
         <name>.text:lwip_htonl</name>
         <load_address>0x6436</load_address>
         <run_address>0x6436</run_address>
         <size>0x1a</size>
         <input_file_ref idref="fl-a"/>
      </object_component>
      <object_component id="oc-73e">
         <name>.text:arp_timer</name>
         <load_address>0x6450</load_address>
         <run_address>0x6450</run_address>
         <size>0x18</size>
         <input_file_ref idref="fl-a"/>
      </object_component>
      <object_component id="oc-408">
         <name>.text:pbuf_pool_is_empty</name>
         <load_address>0x6468</load_address>
         <run_address>0x6468</run_address>
         <size>0x18</size>
         <input_file_ref idref="fl-a"/>
      </object_component>
      <object_component id="oc-662">
         <name>.text:tcp_next_iss</name>
         <load_address>0x6480</load_address>
         <run_address>0x6480</run_address>
         <size>0x18</size>
         <input_file_ref idref="fl-a"/>
      </object_component>
      <object_component id="oc-5d1">
         <name>.text:tcp_seg_free</name>
         <load_address>0x6498</load_address>
         <run_address>0x6498</run_address>
         <size>0x18</size>
         <input_file_ref idref="fl-a"/>
      </object_component>
      <object_component id="oc-4a0">
         <name>.text:EMACReset</name>
         <load_address>0x64b0</load_address>
         <run_address>0x64b0</run_address>
         <size>0x16</size>
         <input_file_ref idref="fl-12"/>
      </object_component>
      <object_component id="oc-77c">
         <name>.text:EMACRxEnable</name>
         <load_address>0x64c6</load_address>
         <run_address>0x64c6</run_address>
         <size>0x16</size>
         <input_file_ref idref="fl-12"/>
      </object_component>
      <object_component id="oc-776">
         <name>.text:EMACTxEnable</name>
         <load_address>0x64dc</load_address>
         <run_address>0x64dc</run_address>
         <size>0x16</size>
         <input_file_ref idref="fl-12"/>
      </object_component>
      <object_component id="oc-31f">
         <name>.text:GPIOPinTypeEthernetLED</name>
         <load_address>0x64f2</load_address>
         <run_address>0x64f2</run_address>
         <size>0x16</size>
         <input_file_ref idref="fl-14"/>
      </object_component>
      <object_component id="oc-1ec">
         <name>.text:GPIOPinTypeGPIOInput</name>
         <load_address>0x6508</load_address>
         <run_address>0x6508</run_address>
         <size>0x16</size>
         <input_file_ref idref="fl-14"/>
      </object_component>
      <object_component id="oc-7a4">
         <name>.text:pbuf_ref</name>
         <load_address>0x651e</load_address>
         <run_address>0x651e</run_address>
         <size>0x16</size>
         <input_file_ref idref="fl-a"/>
      </object_component>
      <object_component id="oc-20a">
         <name>.text:FlashUserGet</name>
         <load_address>0x6534</load_address>
         <run_address>0x6534</run_address>
         <size>0x14</size>
         <input_file_ref idref="fl-13"/>
      </object_component>
      <object_component id="oc-1fe">
         <name>.text:SysTickEnable</name>
         <load_address>0x6548</load_address>
         <run_address>0x6548</run_address>
         <size>0x14</size>
         <input_file_ref idref="fl-18"/>
      </object_component>
      <object_component id="oc-204">
         <name>.text:SysTickIntEnable</name>
         <load_address>0x655c</load_address>
         <run_address>0x655c</run_address>
         <size>0x14</size>
         <input_file_ref idref="fl-18"/>
      </object_component>
      <object_component id="oc-3d">
         <name>.text:SysTickIntHandler</name>
         <load_address>0x6570</load_address>
         <run_address>0x6570</run_address>
         <size>0x14</size>
         <input_file_ref idref="fl-3"/>
      </object_component>
      <object_component id="oc-52c">
         <name>.text:strlen</name>
         <load_address>0x6584</load_address>
         <run_address>0x6584</run_address>
         <size>0x14</size>
         <input_file_ref idref="fl-d8"/>
      </object_component>
      <object_component id="oc-3d2">
         <name>.text:sys_arch_unprotect</name>
         <load_address>0x6598</load_address>
         <run_address>0x6598</run_address>
         <size>0x14</size>
         <input_file_ref idref="fl-a"/>
      </object_component>
      <object_component id="oc-678">
         <name>.text:tcp_close</name>
         <load_address>0x65ac</load_address>
         <run_address>0x65ac</run_address>
         <size>0x14</size>
         <input_file_ref idref="fl-a"/>
      </object_component>
      <object_component id="oc-296">
         <name>.text:netif_set_link_down</name>
         <load_address>0x65c0</load_address>
         <run_address>0x65c0</run_address>
         <size>0x12</size>
         <input_file_ref idref="fl-a"/>
      </object_component>
      <object_component id="oc-68f">
         <name>.text:pbuf_clen</name>
         <load_address>0x65d2</load_address>
         <run_address>0x65d2</run_address>
         <size>0x12</size>
         <input_file_ref idref="fl-a"/>
      </object_component>
      <object_component id="oc-76a">
         <name>.text:EMACFrameFilterSet</name>
         <load_address>0x65e4</load_address>
         <run_address>0x65e4</run_address>
         <size>0x10</size>
         <input_file_ref idref="fl-12"/>
      </object_component>
      <object_component id="oc-788">
         <name>.text:IntMasterEnable</name>
         <load_address>0x65f4</load_address>
         <run_address>0x65f4</run_address>
         <size>0x10</size>
         <input_file_ref idref="fl-15"/>
      </object_component>
      <object_component id="oc-1f8">
         <name>.text:SysTickPeriodSet</name>
         <load_address>0x6604</load_address>
         <run_address>0x6604</run_address>
         <size>0x10</size>
         <input_file_ref idref="fl-18"/>
      </object_component>
      <object_component id="oc-7e8">
         <name>.text:inet_chksum</name>
         <load_address>0x6614</load_address>
         <run_address>0x6614</run_address>
         <size>0x10</size>
         <input_file_ref idref="fl-a"/>
      </object_component>
      <object_component id="oc-4a7">
         <name>.text:lwip_init</name>
         <load_address>0x6624</load_address>
         <run_address>0x6624</run_address>
         <size>0x10</size>
         <input_file_ref idref="fl-a"/>
      </object_component>
      <object_component id="oc-7b8">
         <name>.text:pbuf_chain</name>
         <load_address>0x6634</load_address>
         <run_address>0x6634</run_address>
         <size>0x10</size>
         <input_file_ref idref="fl-a"/>
      </object_component>
      <object_component id="oc-3cc">
         <name>.text:sys_arch_protect</name>
         <load_address>0x6644</load_address>
         <run_address>0x6644</run_address>
         <size>0x10</size>
         <input_file_ref idref="fl-a"/>
      </object_component>
      <object_component id="oc-441">
         <name>.text:tcp_segs_free</name>
         <load_address>0x6654</load_address>
         <run_address>0x6654</run_address>
         <size>0x10</size>
         <input_file_ref idref="fl-a"/>
      </object_component>
      <object_component id="oc-19">
         <name>.text:decompress:none:__TI_decompress_none</name>
         <load_address>0x6664</load_address>
         <run_address>0x6664</run_address>
         <size>0xe</size>
         <input_file_ref idref="fl-d3"/>
      </object_component>
      <object_component id="oc-841">
         <name>.text:CPUcpsie</name>
         <load_address>0x6672</load_address>
         <run_address>0x6672</run_address>
         <size>0xc</size>
         <input_file_ref idref="fl-19"/>
      </object_component>
      <object_component id="oc-1c2">
         <name>.text:SysCtlMOSCConfigSet</name>
         <load_address>0x6680</load_address>
         <run_address>0x6680</run_address>
         <size>0xc</size>
         <input_file_ref idref="fl-17"/>
      </object_component>
      <object_component id="oc-69">
         <name>.text:decompress:ZI:__TI_zero_init</name>
         <load_address>0x668c</load_address>
         <run_address>0x668c</run_address>
         <size>0xc</size>
         <input_file_ref idref="fl-d2"/>
      </object_component>
      <object_component id="oc-2c9">
         <name>.text:lwIPLocalIPAddrGet</name>
         <load_address>0x6698</load_address>
         <run_address>0x6698</run_address>
         <size>0xc</size>
         <input_file_ref idref="fl-a"/>
      </object_component>
      <object_component id="oc-57f">
         <name>.text:lwip_htons</name>
         <load_address>0x66a4</load_address>
         <run_address>0x66a4</run_address>
         <size>0xc</size>
         <input_file_ref idref="fl-a"/>
      </object_component>
      <object_component id="oc-4b9">
         <name>.text:netif_set_default</name>
         <load_address>0x66b0</load_address>
         <run_address>0x66b0</run_address>
         <size>0xc</size>
         <input_file_ref idref="fl-a"/>
      </object_component>
      <object_component id="oc-751">
         <name>.text:netif_set_gw</name>
         <load_address>0x66bc</load_address>
         <run_address>0x66bc</run_address>
         <size>0xc</size>
         <input_file_ref idref="fl-a"/>
      </object_component>
      <object_component id="oc-74b">
         <name>.text:netif_set_netmask</name>
         <load_address>0x66c8</load_address>
         <run_address>0x66c8</run_address>
         <size>0xc</size>
         <input_file_ref idref="fl-a"/>
      </object_component>
      <object_component id="oc-738">
         <name>.text:sys_now</name>
         <load_address>0x66d4</load_address>
         <run_address>0x66d4</run_address>
         <size>0xc</size>
         <input_file_ref idref="fl-a"/>
      </object_component>
      <object_component id="oc-9d">
         <name>.text:EMACPowerManagementStatusGet</name>
         <load_address>0x66e0</load_address>
         <run_address>0x66e0</run_address>
         <size>0x8</size>
         <input_file_ref idref="fl-12"/>
      </object_component>
      <object_component id="oc-7b0">
         <name>.text:EMACTxDMAPollDemand</name>
         <load_address>0x66e8</load_address>
         <run_address>0x66e8</run_address>
         <size>0x8</size>
         <input_file_ref idref="fl-12"/>
      </object_component>
      <object_component id="oc-599">
         <name>.text:icmp_dest_unreach</name>
         <load_address>0x66f0</load_address>
         <run_address>0x66f0</run_address>
         <size>0x8</size>
         <input_file_ref idref="fl-a"/>
      </object_component>
      <object_component id="oc-82c">
         <name>.text:EMACRxDMADescriptorListSet</name>
         <load_address>0x66f8</load_address>
         <run_address>0x66f8</run_address>
         <size>0x6</size>
         <input_file_ref idref="fl-12"/>
      </object_component>
      <object_component id="oc-a3">
         <name>.text:EMACTimestampIntStatus</name>
         <load_address>0x66fe</load_address>
         <run_address>0x66fe</run_address>
         <size>0x6</size>
         <input_file_ref idref="fl-12"/>
      </object_component>
      <object_component id="oc-832">
         <name>.text:EMACTxDMADescriptorListSet</name>
         <load_address>0x6704</load_address>
         <run_address>0x6704</run_address>
         <size>0x6</size>
         <input_file_ref idref="fl-12"/>
      </object_component>
      <object_component id="oc-234">
         <name>.text:GPIOPinRead</name>
         <load_address>0x670a</load_address>
         <run_address>0x670a</run_address>
         <size>0x6</size>
         <input_file_ref idref="fl-14"/>
      </object_component>
      <object_component id="oc-1e6">
         <name>.text:GPIOPinWrite</name>
         <load_address>0x6710</load_address>
         <run_address>0x6710</run_address>
         <size>0x6</size>
         <input_file_ref idref="fl-14"/>
      </object_component>
      <object_component id="oc-25">
         <name>.text:ResetISR</name>
         <load_address>0x6716</load_address>
         <run_address>0x6716</run_address>
         <size>0x6</size>
         <input_file_ref idref="fl-4"/>
      </object_component>
      <object_component id="oc-397">
         <name>.text:SysCtlDelay</name>
         <load_address>0x671c</load_address>
         <run_address>0x671c</run_address>
         <size>0x6</size>
         <input_file_ref idref="fl-17"/>
      </object_component>
      <object_component id="oc-6e6">
         <name>.text:tcp_abort</name>
         <load_address>0x6722</load_address>
         <run_address>0x6722</run_address>
         <size>0x6</size>
         <input_file_ref idref="fl-a"/>
      </object_component>
      <object_component id="oc-507">
         <name>.text:tcp_err</name>
         <load_address>0x6728</load_address>
         <run_address>0x6728</run_address>
         <size>0x6</size>
         <input_file_ref idref="fl-a"/>
      </object_component>
      <object_component id="oc-4e9">
         <name>.text:tcp_new</name>
         <load_address>0x672e</load_address>
         <run_address>0x672e</run_address>
         <size>0x6</size>
         <input_file_ref idref="fl-a"/>
      </object_component>
      <object_component id="oc-4fb">
         <name>.text:tcp_recv</name>
         <load_address>0x6734</load_address>
         <run_address>0x6734</run_address>
         <size>0x6</size>
         <input_file_ref idref="fl-a"/>
      </object_component>
      <object_component id="oc-365">
         <name>.text:udp_recv</name>
         <load_address>0x673a</load_address>
         <run_address>0x673a</run_address>
         <size>0x6</size>
         <input_file_ref idref="fl-a"/>
      </object_component>
      <object_component id="oc-e3">
         <name>.text:_system_pre_init</name>
         <load_address>0x6740</load_address>
         <run_address>0x6740</run_address>
         <size>0x4</size>
         <input_file_ref idref="fl-de"/>
      </object_component>
      <object_component id="oc-242">
         <name>.text:abort:abort</name>
         <load_address>0x6744</load_address>
         <run_address>0x6744</run_address>
         <size>0x4</size>
         <input_file_ref idref="fl-e0"/>
      </object_component>
      <object_component id="oc-501">
         <name>.text:tcp_sent</name>
         <load_address>0x6748</load_address>
         <run_address>0x6748</run_address>
         <size>0x4</size>
         <input_file_ref idref="fl-a"/>
      </object_component>
      <object_component id="oc-318">
         <name>.const:g_pppui32XTALtoVCO</name>
         <load_address>0x674c</load_address>
         <run_address>0x674c</run_address>
         <size>0x1b0</size>
         <input_file_ref idref="fl-17"/>
      </object_component>
      <object_component id="oc-381">
         <name>.const:g_pui32Regs</name>
         <load_address>0x68fc</load_address>
         <run_address>0x68fc</run_address>
         <size>0x9c</size>
         <input_file_ref idref="fl-15"/>
      </object_component>
      <object_component id="oc-315">
         <name>.const:g_pui32Xtals</name>
         <load_address>0x6998</load_address>
         <run_address>0x6998</run_address>
         <size>0x6c</size>
         <input_file_ref idref="fl-17"/>
      </object_component>
      <object_component id="oc-469">
         <name>.const:g_sXTALtoMEMTIM</name>
         <load_address>0x6a04</load_address>
         <run_address>0x6a04</run_address>
         <size>0x30</size>
         <input_file_ref idref="fl-17"/>
      </object_component>
      <object_component id="oc-386">
         <name>.const:g_pui32EnRegs</name>
         <load_address>0x6a34</load_address>
         <run_address>0x6a34</run_address>
         <size>0x14</size>
         <input_file_ref idref="fl-15"/>
      </object_component>
      <object_component id="oc-728">
         <name>.const:memp_num</name>
         <load_address>0x6a48</load_address>
         <run_address>0x6a48</run_address>
         <size>0x10</size>
         <input_file_ref idref="fl-a"/>
      </object_component>
      <object_component id="oc-72e">
         <name>.const:memp_sizes</name>
         <load_address>0x6a58</load_address>
         <run_address>0x6a58</run_address>
         <size>0x10</size>
         <input_file_ref idref="fl-a"/>
      </object_component>
      <object_component id="oc-65d">
         <name>.const:tcp_pcb_lists</name>
         <load_address>0x6a68</load_address>
         <run_address>0x6a68</run_address>
         <size>0x10</size>
         <input_file_ref idref="fl-a"/>
      </object_component>
      <object_component id="oc-454">
         <name>.const:.string:tcp_backoff</name>
         <load_address>0x6a78</load_address>
         <run_address>0x6a78</run_address>
         <size>0xd</size>
         <input_file_ref idref="fl-a"/>
      </object_component>
      <object_component id="oc-32a">
         <name>.const:g_ui32UARTBase</name>
         <load_address>0x6a88</load_address>
         <run_address>0x6a88</run_address>
         <size>0xc</size>
         <input_file_ref idref="fl-b"/>
      </object_component>
      <object_component id="oc-327">
         <name>.const:g_ui32UARTPeriph</name>
         <load_address>0x6a94</load_address>
         <run_address>0x6a94</run_address>
         <size>0xc</size>
         <input_file_ref idref="fl-b"/>
      </object_component>
      <object_component id="oc-31b">
         <name>.const:g_pui32VCOFrequencies</name>
         <load_address>0x6aa0</load_address>
         <run_address>0x6aa0</run_address>
         <size>0x8</size>
         <input_file_ref idref="fl-17"/>
      </object_component>
      <object_component id="oc-457">
         <name>.const:.string:tcp_persist_backoff</name>
         <load_address>0x6aa8</load_address>
         <run_address>0x6aa8</run_address>
         <size>0x7</size>
         <input_file_ref idref="fl-a"/>
      </object_component>
      <object_component id="oc-3fe">
         <name>.const:ethbroadcast</name>
         <load_address>0x6aaf</load_address>
         <run_address>0x6aaf</run_address>
         <size>0x6</size>
         <input_file_ref idref="fl-a"/>
      </object_component>
      <object_component id="oc-566">
         <name>.const:ethzero</name>
         <load_address>0x6ab5</load_address>
         <run_address>0x6ab5</run_address>
         <size>0x6</size>
         <input_file_ref idref="fl-a"/>
      </object_component>
      <object_component id="oc-37a">
         <name>.const:ip_addr_any</name>
         <load_address>0x6abc</load_address>
         <run_address>0x6abc</run_address>
         <size>0x4</size>
         <input_file_ref idref="fl-a"/>
      </object_component>
      <object_component id="oc-8a9">
         <name>.cinit..data.load</name>
         <load_address>0x6ac0</load_address>
         <run_address>0x6ac0</run_address>
         <size>0x56</size>
      </object_component>
      <object_component id="oc-8a7">
         <name>__TI_handler_table</name>
         <load_address>0x6b18</load_address>
         <run_address>0x6b18</run_address>
         <size>0xc</size>
      </object_component>
      <object_component id="oc-8aa">
         <name>.cinit..bss.load</name>
         <load_address>0x6b28</load_address>
         <run_address>0x6b28</run_address>
         <size>0x8</size>
      </object_component>
      <object_component id="oc-8a8">
         <name>__TI_cinit_table</name>
         <load_address>0x6b30</load_address>
         <run_address>0x6b30</run_address>
         <size>0x10</size>
      </object_component>
      <object_component id="oc-398">
         <name>.data</name>
         <load_address>0x20018720</load_address>
         <run_address>0x20018720</run_address>
         <size>0x9</size>
         <input_file_ref idref="fl-3"/>
      </object_component>
      <object_component id="oc-538">
         <name>.data:g_pcMessage</name>
         <load_address>0x200186b0</load_address>
         <run_address>0x200186b0</run_address>
         <size>0x23</size>
         <input_file_ref idref="fl-3"/>
      </object_component>
      <object_component id="oc-fb">
         <name>.data</name>
         <load_address>0x200186d4</load_address>
         <run_address>0x200186d4</run_address>
         <size>0x20</size>
         <input_file_ref idref="fl-a"/>
      </object_component>
      <object_component id="oc-78f">
         <name>.data:g_TxDescList</name>
         <load_address>0x20018704</load_address>
         <run_address>0x20018704</run_address>
         <size>0x10</size>
         <input_file_ref idref="fl-a"/>
      </object_component>
      <object_component id="oc-792">
         <name>.data:g_RxDescList</name>
         <load_address>0x200186f4</load_address>
         <run_address>0x200186f4</run_address>
         <size>0x10</size>
         <input_file_ref idref="fl-a"/>
      </object_component>
      <object_component id="oc-62c">
         <name>.data:g_StellarisIFData</name>
         <load_address>0x20018714</load_address>
         <run_address>0x20018714</run_address>
         <size>0xc</size>
         <input_file_ref idref="fl-a"/>
      </object_component>
      <object_component id="oc-32d">
         <name>.data</name>
         <load_address>0x2001872c</load_address>
         <run_address>0x2001872c</run_address>
         <size>0x5</size>
         <input_file_ref idref="fl-b"/>
      </object_component>
      <object_component id="oc-67f">
         <name>.bss:encoded$1</name>
         <uninitialized>true</uninitialized>
         <run_address>0x20017650</run_address>
         <size>0x200</size>
         <input_file_ref idref="fl-3"/>
      </object_component>
      <object_component id="oc-371">
         <name>.bss:g_pui8LocatorData</name>
         <uninitialized>true</uninitialized>
         <run_address>0x20017d58</run_address>
         <size>0x54</size>
         <input_file_ref idref="fl-9"/>
      </object_component>
      <object_component id="oc-2ed">
         <name>.bss</name>
         <uninitialized>true</uninitialized>
         <run_address>0x20017dac</run_address>
         <size>0x50</size>
         <input_file_ref idref="fl-a"/>
      </object_component>
      <object_component id="oc-573">
         <name>.bss:memp_tab</name>
         <uninitialized>true</uninitialized>
         <run_address>0x20017e2c</run_address>
         <size>0x20</size>
         <input_file_ref idref="fl-a"/>
      </object_component>
      <object_component id="oc-72b">
         <name>.bss:memp_memory</name>
         <uninitialized>true</uninitialized>
         <run_address>0x2001001c</run_address>
         <size>0x72d4</size>
         <input_file_ref idref="fl-a"/>
      </object_component>
      <object_component id="oc-6f3">
         <name>.bss:inseg</name>
         <uninitialized>true</uninitialized>
         <run_address>0x20017e4c</run_address>
         <size>0x10</size>
         <input_file_ref idref="fl-a"/>
      </object_component>
      <object_component id="oc-2dd">
         <name>.bss:arp_table</name>
         <uninitialized>true</uninitialized>
         <run_address>0x20017c90</run_address>
         <size>0xc8</size>
         <input_file_ref idref="fl-a"/>
      </object_component>
      <object_component id="oc-b8">
         <name>.bss:g_sNetIF</name>
         <uninitialized>true</uninitialized>
         <run_address>0x20017dfc</run_address>
         <size>0x30</size>
         <input_file_ref idref="fl-a"/>
      </object_component>
      <object_component id="oc-2d5">
         <name>.common:g_ui32IPAddress</name>
         <uninitialized>true</uninitialized>
         <run_address>0x20017e74</run_address>
         <size>0x4</size>
      </object_component>
      <object_component id="oc-240">
         <name>.common:g_ui32SysClock</name>
         <uninitialized>true</uninitialized>
         <run_address>0x20017e7c</run_address>
         <size>0x4</size>
      </object_component>
      <object_component id="oc-93">
         <name>.common:g_bLED</name>
         <uninitialized>true</uninitialized>
         <run_address>0x20017ea8</run_address>
         <size>0x1</size>
      </object_component>
      <object_component id="oc-53b">
         <name>.common:g_pcPostData</name>
         <uninitialized>true</uninitialized>
         <run_address>0x20017850</run_address>
         <size>0x200</size>
      </object_component>
      <object_component id="oc-726">
         <name>.common:ram_heap</name>
         <uninitialized>true</uninitialized>
         <run_address>0x20000000</run_address>
         <size>0x1001c</size>
      </object_component>
      <object_component id="oc-5b3">
         <name>.common:netif_list</name>
         <uninitialized>true</uninitialized>
         <run_address>0x20017e84</run_address>
         <size>0x4</size>
      </object_component>
      <object_component id="oc-623">
         <name>.common:netif_default</name>
         <uninitialized>true</uninitialized>
         <run_address>0x20017e80</run_address>
         <size>0x4</size>
      </object_component>
      <object_component id="oc-5ba">
         <name>.common:pbuf_free_ooseq_pending</name>
         <uninitialized>true</uninitialized>
         <run_address>0x20017ea9</run_address>
         <size>0x1</size>
      </object_component>
      <object_component id="oc-2c8">
         <name>.common:lwip_stats</name>
         <uninitialized>true</uninitialized>
         <run_address>0x20017b70</run_address>
         <size>0x120</size>
      </object_component>
      <object_component id="oc-453">
         <name>.common:tcp_ticks</name>
         <uninitialized>true</uninitialized>
         <run_address>0x20017e98</run_address>
         <size>0x4</size>
      </object_component>
      <object_component id="oc-660">
         <name>.common:tcp_bound_pcbs</name>
         <uninitialized>true</uninitialized>
         <run_address>0x20017e8c</run_address>
         <size>0x4</size>
      </object_component>
      <object_component id="oc-6f2">
         <name>.common:tcp_listen_pcbs</name>
         <uninitialized>true</uninitialized>
[...]
      <symbol id="sm-bd4">
         <name>memp_malloc</name>
         <value>0x53ad</value>
         <object_component_ref idref="oc-402"/>
      </symbol>
      <symbol id="sm-bd5">
         <name>ip_addr_any</name>
         <value>0x6abc</value>
         <object_component_ref idref="oc-37a"/>
      </symbol>
      <symbol id="sm-bd6">
         <name>ip_input</name>
         <value>0x22f1</value>
         <object_component_ref idref="oc-3f8"/>
      </symbol>
      <symbol id="sm-bd7">
         <name>tcp_enqueue_flags</name>
         <value>0x4025</value>
         <object_component_ref idref="oc-66a"/>
      </symbol>
      <symbol id="sm-bd8">
         <name>tcp_pcb_lists</name>
         <value>0x6a68</value>
         <object_component_ref idref="oc-65d"/>
      </symbol>
      <symbol id="sm-bd9">
         <name>tcp_input</name>
         <value>0xd51</value>
         <object_component_ref idref="oc-5a5"/>
      </symbol>
      <symbol id="sm-bda">
         <name>sys_timeouts_init</name>
         <value>0x632d</value>
         <object_component_ref idref="oc-614"/>
      </symbol>
      <symbol id="sm-bdb">
         <name>netif_set_addr</name>
         <value>0x63cb</value>
         <object_component_ref idref="oc-61c"/>
      </symbol>
      <symbol id="sm-bdc">
         <name>udp_input</name>
         <value>0x2499</value>
         <object_component_ref idref="oc-59f"/>
      </symbol>
      <symbol id="sm-bdd">
         <name>tcp_send_fin</name>
         <value>0x5aff</value>
         <object_component_ref idref="oc-855"/>
      </symbol>
      <symbol id="sm-bde">
         <name>lwIPInit</name>
         <value>0x36b5</value>
         <object_component_ref idref="oc-210"/>
      </symbol>
      <symbol id="sm-bdf">
         <name>raw_input</name>
         <value>0x4b55</value>
         <object_component_ref idref="oc-593"/>
      </symbol>
      <symbol id="sm-be0">
         <name>udp_new</name>
         <value>0x63e7</value>
         <object_component_ref idref="oc-35f"/>
      </symbol>
      <symbol id="sm-be1">
         <name>udp_recv</name>
         <value>0x673b</value>
         <object_component_ref idref="oc-365"/>
      </symbol>
      <symbol id="sm-be2">
         <name>tcp_next_iss</name>
         <value>0x6481</value>
         <object_component_ref idref="oc-662"/>
      </symbol>
      <symbol id="sm-be3">
         <name>tcp_zero_window_probe</name>
         <value>0x4465</value>
         <object_component_ref idref="oc-435"/>
      </symbol>
      <symbol id="sm-be4">
         <name>pbuf_copy_partial</name>
         <value>0x5059</value>
         <object_component_ref idref="oc-5e7"/>
      </symbol>
      <symbol id="sm-be5">
         <name>pbuf_alloc</name>
         <value>0x2d39</value>
         <object_component_ref idref="oc-2c2"/>
      </symbol>
      <symbol id="sm-be6">
         <name>icmp_input</name>
         <value>0x27c1</value>
         <object_component_ref idref="oc-5ab"/>
      </symbol>
      <symbol id="sm-be7">
         <name>netif_set_gw</name>
         <value>0x66bd</value>
         <object_component_ref idref="oc-751"/>
      </symbol>
      <symbol id="sm-be8">
         <name>inet_chksum_pbuf</name>
         <value>0x573d</value>
         <object_component_ref idref="oc-6f7"/>
      </symbol>
      <symbol id="sm-be9">
         <name>ip_output</name>
         <value>0x5999</value>
         <object_component_ref idref="oc-5ed"/>
      </symbol>
      <symbol id="sm-bea">
         <name>pbuf_copy</name>
         <value>0x42b1</value>
         <object_component_ref idref="oc-6fd"/>
      </symbol>
      <symbol id="sm-beb">
         <name>tcp_segs_free</name>
         <value>0x6655</value>
         <object_component_ref idref="oc-441"/>
      </symbol>
      <symbol id="sm-bec">
         <name>tcp_close</name>
         <value>0x65ad</value>
         <object_component_ref idref="oc-678"/>
      </symbol>
      <symbol id="sm-bed">
         <name>tivaif_interrupt</name>
         <value>0x5871</value>
         <object_component_ref idref="oc-a9"/>
      </symbol>
      <symbol id="sm-bee">
         <name>ethzero</name>
         <value>0x6ab5</value>
         <object_component_ref idref="oc-566"/>
      </symbol>
      <symbol id="sm-bef">
         <name>lwIPTimer</name>
         <value>0x630d</value>
         <object_component_ref idref="oc-8d"/>
      </symbol>
      <symbol id="sm-bf0">
         <name>tcp_update_rcv_ann_wnd</name>
         <value>0x6029</value>
         <object_component_ref idref="oc-818"/>
      </symbol>
      <symbol id="sm-bf1">
         <name>tcp_new</name>
         <value>0x672f</value>
         <object_component_ref idref="oc-4e9"/>
      </symbol>
      <symbol id="sm-bf2">
         <name>ethbroadcast</name>
         <value>0x6aaf</value>
         <object_component_ref idref="oc-3fe"/>
      </symbol>
      <symbol id="sm-bf3">
         <name>lwip_init</name>
         <value>0x6625</value>
         <object_component_ref idref="oc-4a7"/>
      </symbol>
      <symbol id="sm-bf4">
         <name>lwIPEthernetIntHandler</name>
         <value>0x467d</value>
         <object_component_ref idref="oc-43"/>
      </symbol>
      <symbol id="sm-bf5">
         <name>tcp_sent</name>
         <value>0x6749</value>
         <object_component_ref idref="oc-501"/>
      </symbol>
      <symbol id="sm-bf6">
         <name>tcp_tmr</name>
         <value>0x636d</value>
         <object_component_ref idref="oc-16a"/>
      </symbol>
      <symbol id="sm-bf7">
         <name>tcp_eff_send_mss</name>
         <value>0x634d</value>
         <object_component_ref idref="oc-664"/>
      </symbol>
      <symbol id="sm-bf8">
         <name>tcp_process_refused_data</name>
         <value>0x4f89</value>
         <object_component_ref idref="oc-426"/>
      </symbol>
      <symbol id="sm-bf9">
         <name>netif_add</name>
         <value>0x5825</value>
         <object_component_ref idref="oc-4b3"/>
      </symbol>
      <symbol id="sm-bfa">
         <name>tcp_seg_copy</name>
         <value>0x6289</value>
         <object_component_ref idref="oc-865"/>
      </symbol>
      <symbol id="sm-bfb">
         <name>netif_set_default</name>
         <value>0x66b1</value>
         <object_component_ref idref="oc-4b9"/>
      </symbol>
      <symbol id="sm-bfc">
         <name>sys_now</name>
         <value>0x66d5</value>
         <object_component_ref idref="oc-738"/>
      </symbol>
      <symbol id="sm-bfd">
         <name>ip_route</name>
         <value>0x57d9</value>
         <object_component_ref idref="oc-63d"/>
      </symbol>
      <symbol id="sm-bfe">
         <name>tcp_pcb_remove</name>
         <value>0x529d</value>
         <object_component_ref idref="oc-6ec"/>
      </symbol>
      <symbol id="sm-bff">
         <name>g_RxDescList</name>
         <value>0x200186f4</value>
         <object_component_ref idref="oc-792"/>
      </symbol>
      <symbol id="sm-c00">
         <name>g_TxDescList</name>
         <value>0x20018704</value>
         <object_component_ref idref="oc-78f"/>
      </symbol>
      <symbol id="sm-c01">
         <name>sys_timeout</name>
         <value>0x4eb9</value>
         <object_component_ref idref="oc-732"/>
      </symbol>
      <symbol id="sm-c02">
         <name>etharp_tmr</name>
         <value>0x5c11</value>
         <object_component_ref idref="oc-164"/>
      </symbol>
      <symbol id="sm-c03">
         <name>tcp_abort</name>
         <value>0x6723</value>
         <object_component_ref idref="oc-6e6"/>
      </symbol>
      <symbol id="sm-c04">
         <name>mem_trim</name>
         <value>0x37a1</value>
         <object_component_ref idref="oc-6c3"/>
      </symbol>
      <symbol id="sm-c73">
         <name>UARTStdioConfig</name>
         <value>0x5125</value>
         <object_component_ref idref="oc-1d4"/>
      </symbol>
      <symbol id="sm-c74">
         <name>UARTwrite</name>
         <value>0x564d</value>
         <object_component_ref idref="oc-481"/>
      </symbol>
      <symbol id="sm-c75">
         <name>UARTprintf</name>
         <value>0x641d</value>
         <object_component_ref idref="oc-1da"/>
      </symbol>
      <symbol id="sm-c76">
         <name>UARTvprintf</name>
         <value>0x1f15</value>
         <object_component_ref idref="oc-335"/>
      </symbol>
      <symbol id="sm-cc3">
         <name>uvsnprintf</name>
         <value>0x16a5</value>
         <object_component_ref idref="oc-5bd"/>
      </symbol>
      <symbol id="sm-cc4">
         <name>ustrncpy</name>
         <value>0x6137</value>
         <object_component_ref idref="oc-70a"/>
      </symbol>
      <symbol id="sm-cc5">
         <name>usprintf</name>
         <value>0x638d</value>
         <object_component_ref idref="oc-416"/>
      </symbol>
      <symbol id="sm-d7f">
         <name>EMACConfigSet</name>
         <value>0x5d05</value>
         <object_component_ref idref="oc-2a8"/>
      </symbol>
      <symbol id="sm-d80">
         <name>EMACTxEnable</name>
         <value>0x64dd</value>
         <object_component_ref idref="oc-776"/>
      </symbol>
      <symbol id="sm-d81">
         <name>EMACRxDMADescriptorListSet</name>
         <value>0x66f9</value>
         <object_component_ref idref="oc-82c"/>
      </symbol>
      <symbol id="sm-d82">
         <name>EMACPHYConfigSet</name>
         <value>0x5355</value>
         <object_component_ref idref="oc-352"/>
      </symbol>
      <symbol id="sm-d83">
         <name>EMACPHYRead</name>
         <value>0x6161</value>
         <object_component_ref idref="oc-290"/>
      </symbol>
      <symbol id="sm-d84">
         <name>EMACTimestampIntStatus</name>
         <value>0x66ff</value>
         <object_component_ref idref="oc-a3"/>
      </symbol>
      <symbol id="sm-d85">
         <name>EMACRxEnable</name>
         <value>0x64c7</value>
         <object_component_ref idref="oc-77c"/>
      </symbol>
      <symbol id="sm-d86">
         <name>EMACPowerManagementStatusGet</name>
         <value>0x66e1</value>
         <object_component_ref idref="oc-9d"/>
      </symbol>
      <symbol id="sm-d87">
         <name>EMACIntClear</name>
         <value>0x5ec1</value>
         <object_component_ref idref="oc-770"/>
      </symbol>
      <symbol id="sm-d88">
         <name>EMACConfigGet</name>
         <value>0x5e8d</value>
         <object_component_ref idref="oc-2a2"/>
      </symbol>
      <symbol id="sm-d89">
         <name>EMACIntEnable</name>
         <value>0x5c91</value>
         <object_component_ref idref="oc-782"/>
      </symbol>
      <symbol id="sm-d8a">
         <name>EMACPHYWrite</name>
         <value>0x6187</value>
         <object_component_ref idref="oc-764"/>
      </symbol>
      <symbol id="sm-d8b">
         <name>EMACReset</name>
         <value>0x64b1</value>
         <object_component_ref idref="oc-4a0"/>
      </symbol>
      <symbol id="sm-d8c">
         <name>EMACFrameFilterSet</name>
         <value>0x65e5</value>
         <object_component_ref idref="oc-76a"/>
      </symbol>
      <symbol id="sm-d8d">
         <name>EMACTxDMAPollDemand</name>
         <value>0x66e9</value>
         <object_component_ref idref="oc-7b0"/>
      </symbol>
      <symbol id="sm-d8e">
         <name>EMACAddrGet</name>
         <value>0x63ad</value>
         <object_component_ref idref="oc-758"/>
      </symbol>
      <symbol id="sm-d8f">
         <name>EMACTxDMADescriptorListSet</name>
         <value>0x6705</value>
         <object_component_ref idref="oc-832"/>
      </symbol>
      <symbol id="sm-d90">
         <name>EMACIntStatus</name>
         <value>0x6087</value>
         <object_component_ref idref="oc-97"/>
      </symbol>
      <symbol id="sm-d9f">
         <name>FlashUserGet</name>
         <value>0x6535</value>
         <object_component_ref idref="oc-20a"/>
      </symbol>
      <symbol id="sm-de5">
         <name>GPIOPinTypeGPIOInput</name>
         <value>0x6509</value>
         <object_component_ref idref="oc-1ec"/>
      </symbol>
      <symbol id="sm-de6">
         <name>GPIOPinTypeGPIOOutput</name>
         <value>0x6403</value>
         <object_component_ref idref="oc-1e0"/>
      </symbol>
      <symbol id="sm-de7">
         <name>GPIOPinRead</name>
         <value>0x670b</value>
         <object_component_ref idref="oc-234"/>
      </symbol>
      <symbol id="sm-de8">
         <name>GPIODirModeSet</name>
         <value>0x60b3</value>
         <object_component_ref idref="oc-341"/>
      </symbol>
      <symbol id="sm-de9">
         <name>GPIOPinWrite</name>
         <value>0x6711</value>
         <object_component_ref idref="oc-1e6"/>
      </symbol>
      <symbol id="sm-dea">
         <name>GPIOPadConfigSet</name>
         <value>0x2945</value>
         <object_component_ref idref="oc-1f2"/>
      </symbol>
      <symbol id="sm-deb">
         <name>GPIOPinTypeEthernetLED</name>
         <value>0x64f3</value>
         <object_component_ref idref="oc-31f"/>
      </symbol>
      <symbol id="sm-e24">
         <name>IntPrioritySet</name>
         <value>0x61d5</value>
         <object_component_ref idref="oc-228"/>
      </symbol>
      <symbol id="sm-e25">
         <name>IntEnable</name>
         <value>0x4d81</value>
         <object_component_ref idref="oc-22e"/>
      </symbol>
      <symbol id="sm-e26">
         <name>IntMasterEnable</name>
         <value>0x65f5</value>
         <object_component_ref idref="oc-788"/>
      </symbol>
      <symbol id="sm-eae">
         <name>SysCtlDelay</name>
         <value>0x671d</value>
         <object_component_ref idref="oc-397"/>
      </symbol>
      <symbol id="sm-eaf">
         <name>SysCtlMOSCConfigSet</name>
         <value>0x6681</value>
         <object_component_ref idref="oc-1c2"/>
      </symbol>
      <symbol id="sm-eb0">
         <name>SysCtlPeripheralReady</name>
         <value>0x5dad</value>
         <object_component_ref idref="oc-49a"/>
      </symbol>
      <symbol id="sm-eb1">
         <name>SysCtlClockFreqSet</name>
         <value>0x1d15</value>
         <object_component_ref idref="oc-1c8"/>
      </symbol>
      <symbol id="sm-eb2">
         <name>SysCtlPeripheralReset</name>
         <value>0x55fd</value>
         <object_component_ref idref="oc-494"/>
      </symbol>
      <symbol id="sm-ed5">
         <name>SysTickEnable</name>
         <value>0x6549</value>
         <object_component_ref idref="oc-1fe"/>
      </symbol>
      <symbol id="sm-ed6">
         <name>SysTickIntEnable</name>
         <value>0x655d</value>
         <object_component_ref idref="oc-204"/>
      </symbol>
      <symbol id="sm-ed7">
         <name>SysTickPeriodSet</name>
         <value>0x6605</value>
         <object_component_ref idref="oc-1f8"/>
      </symbol>
      <symbol id="sm-ee1">
         <name>CPUcpsie</name>
         <value>0x6673</value>
         <object_component_ref idref="oc-841"/>
      </symbol>
      <symbol id="sm-ef0">
         <name>__aeabi_memset</name>
         <value>0x49f3</value>
         <object_component_ref idref="oc-dd"/>
      </symbol>
      <symbol id="sm-ef1">
         <name>memset</name>
         <value>0x49f9</value>
         <object_component_ref idref="oc-dd"/>
      </symbol>
      <symbol id="sm-ef2">
         <name>__aeabi_memset8</name>
         <value>0x49f3</value>
         <object_component_ref idref="oc-dd"/>
      </symbol>
      <symbol id="sm-ef3">
         <name>__aeabi_memset4</name>
         <value>0x49f3</value>
         <object_component_ref idref="oc-dd"/>
      </symbol>
      <symbol id="sm-ef4">
         <name>__aeabi_memclr8</name>
         <value>0x49f1</value>
         <object_component_ref idref="oc-dd"/>
      </symbol>
      <symbol id="sm-ef5">
         <name>__aeabi_memclr4</name>
         <value>0x49f1</value>
         <object_component_ref idref="oc-dd"/>
      </symbol>
      <symbol id="sm-ef6">
         <name>__aeabi_memclr</name>
         <value>0x49f1</value>
         <object_component_ref idref="oc-dd"/>
      </symbol>
      <symbol id="sm-f11">
         <name>memcpy</name>
         <value>0x4215</value>
         <object_component_ref idref="oc-57"/>
      </symbol>
      <symbol id="sm-f12">
         <name>__aeabi_memcpy</name>
         <value>0x4215</value>
         <object_component_ref idref="oc-57"/>
      </symbol>
      <symbol id="sm-f13">
         <name>__aeabi_memcpy8</name>
         <value>0x4215</value>
         <object_component_ref idref="oc-57"/>
      </symbol>
      <symbol id="sm-f14">
         <name>__aeabi_memcpy4</name>
         <value>0x4215</value>
         <object_component_ref idref="oc-57"/>
      </symbol>
      <symbol id="sm-f23">
         <name>__aeabi_uidivmod</name>
         <value>0x5c51</value>
         <object_component_ref idref="oc-487"/>
      </symbol>
      <symbol id="sm-f24">
         <name>__aeabi_uidiv</name>
         <value>0x5c51</value>
         <object_component_ref idref="oc-487"/>
      </symbol>
      <symbol id="sm-f36">
         <name>__TI_zero_init</name>
         <value>0x668d</value>
         <object_component_ref idref="oc-69"/>
      </symbol>
      <symbol id="sm-f4d">
         <name>__TI_decompress_none</name>
         <value>0x6665</value>
         <object_component_ref idref="oc-19"/>
      </symbol>
      <symbol id="sm-f70">
         <name>__TI_decompress_lzss</name>
         <value>0x4de9</value>
         <object_component_ref idref="oc-13"/>
      </symbol>
      <symbol id="sm-f80">
         <name>memcmp</name>
         <value>0x621d</value>
         <object_component_ref idref="oc-3e6"/>
      </symbol>
      <symbol id="sm-f90">
         <name>strlen</name>
         <value>0x6585</value>
         <object_component_ref idref="oc-52c"/>
      </symbol>
      <symbol id="sm-fa5">
         <name>__stack</name>
         <value>0x20017eb0</value>
         <object_component_ref idref="oc-22"/>
      </symbol>
      <symbol id="sm-fa6">
         <name>_c_int00_noargs</name>
         <value>0x5ef5</value>
         <object_component_ref idref="oc-75"/>
      </symbol>
      <symbol id="sm-fb0">
         <name>__aeabi_idiv0</name>
         <value>0x4343</value>
         <object_component_ref idref="oc-5ff"/>
      </symbol>
      <symbol id="sm-fb1">
         <name>__aeabi_ldiv0</name>
         <value>0x4343</value>
         <object_component_ref idref="oc-5ff"/>
      </symbol>
      <symbol id="sm-fd9">
         <name>__TI_auto_init_nobinit_nopinit</name>
         <value>0x5b45</value>
         <object_component_ref idref="oc-24e"/>
      </symbol>
      <symbol id="sm-fe3">
         <name>_system_pre_init</name>
         <value>0x6741</value>
         <object_component_ref idref="oc-e3"/>
      </symbol>
      <symbol id="sm-fef">
         <name>C$$EXIT</name>
         <value>0x6745</value>
         <object_component_ref idref="oc-242"/>
      </symbol>
      <symbol id="sm-ff0">
         <name>abort</name>
         <value>0x6745</value>
         <object_component_ref idref="oc-242"/>
      </symbol>
      <symbol id="sm-ff3">
         <name>__TI_static_base__</name>
         <value>0x0</value>
      </symbol>
      <symbol id="sm-ff6">
         <name>__mpu_init</name>
         <value>0x0</value>
      </symbol>
      <symbol id="sm-ff7">
         <name>_system_post_cinit</name>
         <value>0x0</value>
      </symbol>
   </symbol_table>
   <title>Link successful</title>
</link_info>
