<?xml version="1.0" encoding="ISO-8859-1" ?>
<link_info>
   <banner>TI ARM Linker PC v18.12.7.LTS</banner>
   <copyright>Copyright (c) 1996-2018 Texas Instruments Incorporated</copyright>
   <link_time>0x6919ddeb</link_time>
   <link_errors>0x0</link_errors>
   <output_file>proy_https3.out</output_file>
   <entry_point>
      <name>_c_int00_noargs</name>
      <address>0x62ad</address>
   </entry_point>
   <input_file_list>
      <input_file id="fl-2">
         <path>.\</path>
         <kind>object</kind>
         <file>enet_fs.obj</file>
         <name>enet_fs.obj</name>
      </input_file>
      <input_file id="fl-3">
         <path>.\</path>
         <kind>object</kind>
         <file>enet_lwip.obj</file>
         <name>enet_lwip.obj</name>
      </input_file>
      <input_file id="fl-4">
         <path>.\</path>
         <kind>object</kind>
         <file>ft800_TIVA.obj</file>
         <name>ft800_TIVA.obj</name>
      </input_file>
      <input_file id="fl-5">
         <path>.\</path>
         <kind>object</kind>
         <file>startup_ccs.obj</file>
         <name>startup_ccs.obj</name>
      </input_file>
      <input_file id="fl-6">
         <path>.\drivers\</path>
         <kind>object</kind>
         <file>pinout.obj</file>
         <name>pinout.obj</name>
      </input_file>
      <input_file id="fl-7">
         <path>.\third_party\fatfs\port\</path>
         <kind>object</kind>
         <file>mmc-ek-tm4c1294xl.obj</file>
         <name>mmc-ek-tm4c1294xl.obj</name>
      </input_file>
      <input_file id="fl-8">
         <path>.\third_party\fatfs\src\</path>
         <kind>object</kind>
         <file>ff.obj</file>
         <name>ff.obj</name>
      </input_file>
      <input_file id="fl-9">
         <path>.\third_party\lwip-1.4.1\apps\httpserver_raw\</path>
         <kind>object</kind>
         <file>httpd.obj</file>
         <name>httpd.obj</name>
      </input_file>
      <input_file id="fl-a">
         <path>.\utils\</path>
         <kind>object</kind>
         <file>locator.obj</file>
         <name>locator.obj</name>
      </input_file>
      <input_file id="fl-b">
         <path>.\utils\</path>
         <kind>object</kind>
         <file>lwiplib.obj</file>
         <name>lwiplib.obj</name>
      </input_file>
      <input_file id="fl-c">
         <path>.\utils\</path>
         <kind>object</kind>
         <file>uartstdio.obj</file>
         <name>uartstdio.obj</name>
      </input_file>
      <input_file id="fl-d">
         <path>.\utils\</path>
         <kind>object</kind>
         <file>ustdlib.obj</file>
         <name>ustdlib.obj</name>
      </input_file>
      <input_file id="fl-12">
         <kind>object</kind>
         <file>&lt;internal&gt;</file>
         <name>&lt;internal&gt;</name>
      </input_file>
      <input_file id="fl-13">
         <path>C:\ti\TivaWare_C_Series-2.2.0.295\driverlib\ccs\Debug\</path>
         <kind>archive</kind>
         <file>driverlib.lib</file>
         <name>emac.obj</name>
      </input_file>
      <input_file id="fl-14">
         <path>C:\ti\TivaWare_C_Series-2.2.0.295\driverlib\ccs\Debug\</path>
         <kind>archive</kind>
         <file>driverlib.lib</file>
         <name>flash.obj</name>
      </input_file>
      <input_file id="fl-15">
         <path>C:\ti\TivaWare_C_Series-2.2.0.295\driverlib\ccs\Debug\</path>
         <kind>archive</kind>
         <file>driverlib.lib</file>
         <name>gpio.obj</name>
      </input_file>
      <input_file id="fl-16">
         <path>C:\ti\TivaWare_C_Series-2.2.0.295\driverlib\ccs\Debug\</path>
         <kind>archive</kind>
         <file>driverlib.lib</file>
         <name>interrupt.obj</name>
      </input_file>
      <input_file id="fl-17">
         <path>C:\ti\TivaWare_C_Series-2.2.0.295\driverlib\ccs\Debug\</path>
         <kind>archive</kind>
         <file>driverlib.lib</file>
         <name>ssi.obj</name>
      </input_file>
      <input_file id="fl-18">
         <path>C:\ti\TivaWare_C_Series-2.2.0.295\driverlib\ccs\Debug\</path>
         <kind>archive</kind>
         <file>driverlib.lib</file>
         <name>sw_crc.obj</name>
      </input_file>
      <input_file id="fl-19">
         <path>C:\ti\TivaWare_C_Series-2.2.0.295\driverlib\ccs\Debug\</path>
         <kind>archive</kind>
         <file>driverlib.lib</file>
         <name>sysctl.obj</name>
      </input_file>
      <input_file id="fl-1a">
         <path>C:\ti\TivaWare_C_Series-2.2.0.295\driverlib\ccs\Debug\</path>
         <kind>archive</kind>
         <file>driverlib.lib</file>
         <name>systick.obj</name>
      </input_file>
      <input_file id="fl-1b">
         <path>C:\ti\TivaWare_C_Series-2.2.0.295\driverlib\ccs\Debug\</path>
         <kind>archive</kind>
         <file>driverlib.lib</file>
         <name>timer.obj</name>
      </input_file>
      <input_file id="fl-1c">
         <path>C:\ti\TivaWare_C_Series-2.2.0.295\driverlib\ccs\Debug\</path>
         <kind>archive</kind>
         <file>driverlib.lib</file>
         <name>cpu.obj</name>
      </input_file>
      <input_file id="fl-d2">
         <path>C:\ti\ccs1281\ccs\tools\compiler\ti-cgt-arm_18.2.7.LTS\lib\</path>
         <kind>archive</kind>
         <file>rtsv7M4_T_le_v4SPD16_eabi.lib</file>
         <name>s_cos.c.obj</name>
      </input_file>
      <input_file id="fl-d3">
         <path>C:\ti\ccs1281\ccs\tools\compiler\ti-cgt-arm_18.2.7.LTS\lib\</path>
         <kind>archive</kind>
         <file>rtsv7M4_T_le_v4SPD16_eabi.lib</file>
         <name>s_sin.c.obj</name>
      </input_file>
      <input_file id="fl-d4">
         <path>C:\ti\ccs1281\ccs\tools\compiler\ti-cgt-arm_18.2.7.LTS\lib\</path>
         <kind>archive</kind>
         <file>rtsv7M4_T_le_v4SPD16_eabi.lib</file>
         <name>memset_t2.asm.obj</name>
      </input_file>
      <input_file id="fl-d5">
         <path>C:\ti\ccs1281\ccs\tools\compiler\ti-cgt-arm_18.2.7.LTS\lib\</path>
         <kind>archive</kind>
         <file>rtsv7M4_T_le_v4SPD16_eabi.lib</file>
         <name>fd_add_t2.asm.obj</name>
      </input_file>
      <input_file id="fl-d6">
         <path>C:\ti\ccs1281\ccs\tools\compiler\ti-cgt-arm_18.2.7.LTS\lib\</path>
         <kind>archive</kind>
         <file>rtsv7M4_T_le_v4SPD16_eabi.lib</file>
         <name>fd_cmp_t2.asm.obj</name>
      </input_file>
      <input_file id="fl-d7">
         <path>C:\ti\ccs1281\ccs\tools\compiler\ti-cgt-arm_18.2.7.LTS\lib\</path>
         <kind>archive</kind>
         <file>rtsv7M4_T_le_v4SPD16_eabi.lib</file>
         <name>fd_div_t2.asm.obj</name>
      </input_file>
      <input_file id="fl-d8">
         <path>C:\ti\ccs1281\ccs\tools\compiler\ti-cgt-arm_18.2.7.LTS\lib\</path>
         <kind>archive</kind>
         <file>rtsv7M4_T_le_v4SPD16_eabi.lib</file>
         <name>fd_mul_t2.asm.obj</name>
      </input_file>
      <input_file id="fl-d9">
         <path>C:\ti\ccs1281\ccs\tools\compiler\ti-cgt-arm_18.2.7.LTS\lib\</path>
         <kind>archive</kind>
         <file>rtsv7M4_T_le_v4SPD16_eabi.lib</file>
         <name>fd_toi_t2.asm.obj</name>
      </input_file>
      <input_file id="fl-da">
         <path>C:\ti\ccs1281\ccs\tools\compiler\ti-cgt-arm_18.2.7.LTS\lib\</path>
         <kind>archive</kind>
         <file>rtsv7M4_T_le_v4SPD16_eabi.lib</file>
         <name>fd_tos_t2.asm.obj</name>
      </input_file>
      <input_file id="fl-db">
         <path>C:\ti\ccs1281\ccs\tools\compiler\ti-cgt-arm_18.2.7.LTS\lib\</path>
         <kind>archive</kind>
         <file>rtsv7M4_T_le_v4SPD16_eabi.lib</file>
         <name>fs_tod_t2.asm.obj</name>
      </input_file>
      <input_file id="fl-dc">
         <path>C:\ti\ccs1281\ccs\tools\compiler\ti-cgt-arm_18.2.7.LTS\lib\</path>
         <kind>archive</kind>
         <file>rtsv7M4_T_le_v4SPD16_eabi.lib</file>
         <name>i_tofd_t2.asm.obj</name>
      </input_file>
      <input_file id="fl-dd">
         <path>C:\ti\ccs1281\ccs\tools\compiler\ti-cgt-arm_18.2.7.LTS\lib\</path>
         <kind>archive</kind>
         <file>rtsv7M4_T_le_v4SPD16_eabi.lib</file>
         <name>memcpy_t2.asm.obj</name>
      </input_file>
      <input_file id="fl-de">
         <path>C:\ti\ccs1281\ccs\tools\compiler\ti-cgt-arm_18.2.7.LTS\lib\</path>
         <kind>archive</kind>
         <file>rtsv7M4_T_le_v4SPD16_eabi.lib</file>
         <name>u_divt2.asm.obj</name>
      </input_file>
      <input_file id="fl-df">
         <path>C:\ti\ccs1281\ccs\tools\compiler\ti-cgt-arm_18.2.7.LTS\lib\</path>
         <kind>archive</kind>
         <file>rtsv7M4_T_le_v4SPD16_eabi.lib</file>
         <name>copy_zero_init.c.obj</name>
      </input_file>
      <input_file id="fl-e0">
         <path>C:\ti\ccs1281\ccs\tools\compiler\ti-cgt-arm_18.2.7.LTS\lib\</path>
         <kind>archive</kind>
         <file>rtsv7M4_T_le_v4SPD16_eabi.lib</file>
         <name>copy_decompress_none.c.obj</name>
      </input_file>
      <input_file id="fl-e1">
         <path>C:\ti\ccs1281\ccs\tools\compiler\ti-cgt-arm_18.2.7.LTS\lib\</path>
         <kind>archive</kind>
         <file>rtsv7M4_T_le_v4SPD16_eabi.lib</file>
         <name>copy_decompress_lzss.c.obj</name>
      </input_file>
      <input_file id="fl-e2">
         <path>C:\ti\ccs1281\ccs\tools\compiler\ti-cgt-arm_18.2.7.LTS\lib\</path>
         <kind>archive</kind>
         <file>rtsv7M4_T_le_v4SPD16_eabi.lib</file>
         <name>memcmp.c.obj</name>
      </input_file>
      <input_file id="fl-e3">
         <path>C:\ti\ccs1281\ccs\tools\compiler\ti-cgt-arm_18.2.7.LTS\lib\</path>
         <kind>archive</kind>
         <file>rtsv7M4_T_le_v4SPD16_eabi.lib</file>
         <name>strchr.c.obj</name>
      </input_file>
      <input_file id="fl-e4">
         <path>C:\ti\ccs1281\ccs\tools\compiler\ti-cgt-arm_18.2.7.LTS\lib\</path>
         <kind>archive</kind>
         <file>rtsv7M4_T_le_v4SPD16_eabi.lib</file>
         <name>strcmp.c.obj</name>
      </input_file>
      <input_file id="fl-e5">
         <path>C:\ti\ccs1281\ccs\tools\compiler\ti-cgt-arm_18.2.7.LTS\lib\</path>
         <kind>archive</kind>
         <file>rtsv7M4_T_le_v4SPD16_eabi.lib</file>
         <name>strlen.c.obj</name>
      </input_file>
      <input_file id="fl-e6">
         <path>C:\ti\ccs1281\ccs\tools\compiler\ti-cgt-arm_18.2.7.LTS\lib\</path>
         <kind>archive</kind>
         <file>rtsv7M4_T_le_v4SPD16_eabi.lib</file>
         <name>strncmp.c.obj</name>
      </input_file>
      <input_file id="fl-e7">
         <path>C:\ti\ccs1281\ccs\tools\compiler\ti-cgt-arm_18.2.7.LTS\lib\</path>
         <kind>archive</kind>
         <file>rtsv7M4_T_le_v4SPD16_eabi.lib</file>
         <name>strstr.c.obj</name>
      </input_file>
      <input_file id="fl-e8">
         <path>C:\ti\ccs1281\ccs\tools\compiler\ti-cgt-arm_18.2.7.LTS\lib\</path>
         <kind>archive</kind>
         <file>rtsv7M4_T_le_v4SPD16_eabi.lib</file>
         <name>k_rem_pio2.c.obj</name>
      </input_file>
      <input_file id="fl-e9">
         <path>C:\ti\ccs1281\ccs\tools\compiler\ti-cgt-arm_18.2.7.LTS\lib\</path>
         <kind>archive</kind>
         <file>rtsv7M4_T_le_v4SPD16_eabi.lib</file>
         <name>boot_cortex_m.c.obj</name>
      </input_file>
      <input_file id="fl-ea">
         <path>C:\ti\ccs1281\ccs\tools\compiler\ti-cgt-arm_18.2.7.LTS\lib\</path>
         <kind>archive</kind>
         <file>rtsv7M4_T_le_v4SPD16_eabi.lib</file>
         <name>k_cos.c.obj</name>
      </input_file>
      <input_file id="fl-eb">
         <path>C:\ti\ccs1281\ccs\tools\compiler\ti-cgt-arm_18.2.7.LTS\lib\</path>
         <kind>archive</kind>
         <file>rtsv7M4_T_le_v4SPD16_eabi.lib</file>
         <name>k_sin.c.obj</name>
      </input_file>
      <input_file id="fl-ec">
         <path>C:\ti\ccs1281\ccs\tools\compiler\ti-cgt-arm_18.2.7.LTS\lib\</path>
         <kind>archive</kind>
         <file>rtsv7M4_T_le_v4SPD16_eabi.lib</file>
         <name>s_floor.c.obj</name>
      </input_file>
      <input_file id="fl-ed">
         <path>C:\ti\ccs1281\ccs\tools\compiler\ti-cgt-arm_18.2.7.LTS\lib\</path>
         <kind>archive</kind>
         <file>rtsv7M4_T_le_v4SPD16_eabi.lib</file>
         <name>s_scalbn.c.obj</name>
      </input_file>
      <input_file id="fl-ee">
         <path>C:\ti\ccs1281\ccs\tools\compiler\ti-cgt-arm_18.2.7.LTS\lib\</path>
         <kind>archive</kind>
         <file>rtsv7M4_T_le_v4SPD16_eabi.lib</file>
         <name>div0.asm.obj</name>
      </input_file>
      <input_file id="fl-ef">
         <path>C:\ti\ccs1281\ccs\tools\compiler\ti-cgt-arm_18.2.7.LTS\lib\</path>
         <kind>archive</kind>
         <file>rtsv7M4_T_le_v4SPD16_eabi.lib</file>
         <name>autoinit.c.obj</name>
      </input_file>
      <input_file id="fl-f0">
         <path>C:\ti\ccs1281\ccs\tools\compiler\ti-cgt-arm_18.2.7.LTS\lib\</path>
         <kind>archive</kind>
         <file>rtsv7M4_T_le_v4SPD16_eabi.lib</file>
         <name>pre_init.c.obj</name>
      </input_file>
      <input_file id="fl-f1">
         <path>C:\ti\ccs1281\ccs\tools\compiler\ti-cgt-arm_18.2.7.LTS\lib\</path>
         <kind>archive</kind>
         <file>rtsv7M4_T_le_v4SPD16_eabi.lib</file>
         <name>cpy_tbl.c.obj</name>
      </input_file>
      <input_file id="fl-f2">
         <path>C:\ti\ccs1281\ccs\tools\compiler\ti-cgt-arm_18.2.7.LTS\lib\</path>
         <kind>archive</kind>
         <file>rtsv7M4_T_le_v4SPD16_eabi.lib</file>
         <name>exit.c.obj</name>
      </input_file>
      <input_file id="fl-f3">
         <path>C:\ti\ccs1281\ccs\tools\compiler\ti-cgt-arm_18.2.7.LTS\lib\</path>
         <kind>archive</kind>
         <file>rtsv7M4_T_le_v4SPD16_eabi.lib</file>
         <name>_lock.c.obj</name>
      </input_file>
      <input_file id="fl-f4">
         <path>C:\ti\ccs1281\ccs\tools\compiler\ti-cgt-arm_18.2.7.LTS\lib\</path>
         <kind>archive</kind>
         <file>rtsv7M4_T_le_v4SPD16_eabi.lib</file>
         <name>args_main.c.obj</name>
      </input_file>
      <input_file id="fl-f5">
         <path>C:\ti\ccs1281\ccs\tools\compiler\ti-cgt-arm_18.2.7.LTS\lib\</path>
         <kind>archive</kind>
         <file>rtsv7M4_T_le_v4SPD16_eabi.lib</file>
         <name>errno.c.obj</name>
      </input_file>
      <input_file id="fl-f6">
         <path>C:\ti\ccs1281\ccs\tools\compiler\ti-cgt-arm_18.2.7.LTS\lib\</path>
         <kind>archive</kind>
         <file>rtsv7M4_T_le_v4SPD16_eabi.lib</file>
         <name>s_copysign.c.obj</name>
      </input_file>
   </input_file_list>
   <object_component_list>
      <object_component id="oc-10">
         <name>.intvecs</name>
         <load_address>0x0</load_address>
         <run_address>0x0</run_address>
         <size>0x200</size>
         <input_file_ref idref="fl-5"/>
      </object_component>
      <object_component id="oc-94c">
         <name>.text:tcp_receive</name>
         <load_address>0x200</load_address>
         <run_address>0x200</run_address>
         <size>0x79c</size>
         <input_file_ref idref="fl-b"/>
      </object_component>
      <object_component id="oc-829">
         <name>.text:tcp_process</name>
         <load_address>0x99c</load_address>
         <run_address>0x99c</run_address>
         <size>0x3b4</size>
         <input_file_ref idref="fl-b"/>
      </object_component>
      <object_component id="oc-6bc">
         <name>.text:tcp_input</name>
         <load_address>0xd50</load_address>
         <run_address>0xd50</run_address>
         <size>0x3a8</size>
         <input_file_ref idref="fl-b"/>
      </object_component>
      <object_component id="oc-63e">
         <name>.text:tcp_write</name>
         <load_address>0x10f8</load_address>
         <run_address>0x10f8</run_address>
         <size>0x2e4</size>
         <input_file_ref idref="fl-b"/>
      </object_component>
      <object_component id="oc-340">
         <name>.text:tcp_slowtmr</name>
         <load_address>0x13dc</load_address>
         <run_address>0x13dc</run_address>
         <size>0x2c8</size>
         <input_file_ref idref="fl-b"/>
      </object_component>
      <object_component id="oc-e6">
         <name>.text:main</name>
         <load_address>0x16a4</load_address>
         <run_address>0x16a4</run_address>
         <size>0x2b8</size>
         <input_file_ref idref="fl-3"/>
      </object_component>
      <object_component id="oc-605">
         <name>.text:uvsnprintf</name>
         <load_address>0x195c</load_address>
         <run_address>0x195c</run_address>
         <size>0x251</size>
         <input_file_ref idref="fl-d"/>
      </object_component>
      <object_component id="oc-7de">
         <name>.text:ESPError</name>
         <load_address>0x1bae</load_address>
         <run_address>0x1bae</run_address>
         <size>0x2</size>
         <input_file_ref idref="fl-3"/>
      </object_component>
      <object_component id="oc-1ca">
         <name>.text:Inicia_pantalla</name>
         <load_address>0x1bb0</load_address>
         <run_address>0x1bb0</run_address>
         <size>0x22c</size>
         <input_file_ref idref="fl-4"/>
      </object_component>
      <object_component id="oc-1d7">
         <name>.text:PinoutSet</name>
         <load_address>0x1ddc</load_address>
         <run_address>0x1ddc</run_address>
         <size>0x20c</size>
         <input_file_ref idref="fl-6"/>
      </object_component>
      <object_component id="oc-1be">
         <name>.text:SysCtlClockFreqSet</name>
         <load_address>0x1fe8</load_address>
         <run_address>0x1fe8</run_address>
         <size>0x200</size>
         <input_file_ref idref="fl-19"/>
      </object_component>
      <object_component id="oc-400">
         <name>.text:UARTvprintf</name>
         <load_address>0x21e8</load_address>
         <run_address>0x21e8</run_address>
         <size>0x1ee</size>
         <input_file_ref idref="fl-c"/>
      </object_component>
      <object_component id="oc-31">
         <name>.text:FaultISR</name>
         <load_address>0x23d6</load_address>
         <run_address>0x23d6</run_address>
         <size>0x2</size>
         <input_file_ref idref="fl-5"/>
      </object_component>
      <object_component id="oc-50a">
         <name>.text:ip_input</name>
         <load_address>0x23d8</load_address>
         <run_address>0x23d8</run_address>
         <size>0x1a8</size>
         <input_file_ref idref="fl-b"/>
      </object_component>
      <object_component id="oc-6b6">
         <name>.text:udp_input</name>
         <load_address>0x2580</load_address>
         <run_address>0x2580</run_address>
         <size>0x19c</size>
         <input_file_ref idref="fl-b"/>
      </object_component>
      <object_component id="oc-52a">
         <name>.text:tcp_output</name>
         <load_address>0x271c</load_address>
         <run_address>0x271c</run_address>
         <size>0x18c</size>
         <input_file_ref idref="fl-b"/>
      </object_component>
      <object_component id="oc-6c2">
         <name>.text:icmp_input</name>
         <load_address>0x28a8</load_address>
         <run_address>0x28a8</run_address>
         <size>0x184</size>
         <input_file_ref idref="fl-b"/>
      </object_component>
      <object_component id="oc-498">
         <name>.text:ESPSendPost</name>
         <load_address>0x2a2c</load_address>
         <run_address>0x2a2c</run_address>
         <size>0x178</size>
         <input_file_ref idref="fl-3"/>
      </object_component>
      <object_component id="oc-1c4">
         <name>.text:HAL_Init_SPI</name>
         <load_address>0x2ba4</load_address>
         <run_address>0x2ba4</run_address>
         <size>0x170</size>
         <input_file_ref idref="fl-4"/>
      </object_component>
      <object_component id="oc-1f5">
         <name>.text:GPIOPadConfigSet</name>
         <load_address>0x2d14</load_address>
         <run_address>0x2d14</run_address>
         <size>0x16c</size>
         <input_file_ref idref="fl-15"/>
      </object_component>
      <object_component id="oc-7a1">
         <name>.text:tcp_close_shutdown</name>
         <load_address>0x2e80</load_address>
         <run_address>0x2e80</run_address>
         <size>0x148</size>
         <input_file_ref idref="fl-b"/>
      </object_component>
      <object_component id="oc-117">
         <name>.text:tivaif_receive</name>
         <load_address>0x2fc8</load_address>
         <run_address>0x2fc8</run_address>
         <size>0x140</size>
         <input_file_ref idref="fl-b"/>
      </object_component>
      <object_component id="oc-328">
         <name>.text:pbuf_alloc</name>
         <load_address>0x3108</load_address>
         <run_address>0x3108</run_address>
         <size>0x13a</size>
         <input_file_ref idref="fl-b"/>
      </object_component>
      <object_component id="oc-37">
         <name>.text:IntDefaultHandler</name>
         <load_address>0x3242</load_address>
         <run_address>0x3242</run_address>
         <size>0x2</size>
         <input_file_ref idref="fl-5"/>
      </object_component>
      <object_component id="oc-4fe">
         <name>.text:etharp_arp_input</name>
         <load_address>0x3244</load_address>
         <run_address>0x3244</run_address>
         <size>0x124</size>
         <input_file_ref idref="fl-b"/>
      </object_component>
      <object_component id="oc-75b">
         <name>.text:etharp_output</name>
         <load_address>0x3368</load_address>
         <run_address>0x3368</run_address>
         <size>0x118</size>
         <input_file_ref idref="fl-b"/>
      </object_component>
      <object_component id="oc-8db">
         <name>.text:etharp_query</name>
         <load_address>0x3480</load_address>
         <run_address>0x3480</run_address>
         <size>0x114</size>
         <input_file_ref idref="fl-b"/>
      </object_component>
      <object_component id="oc-81d">
         <name>.text:tcp_listen_input</name>
         <load_address>0x3594</load_address>
         <run_address>0x3594</run_address>
         <size>0x114</size>
         <input_file_ref idref="fl-b"/>
      </object_component>
      <object_component id="oc-761">
         <name>.text:tivaif_transmit</name>
         <load_address>0x36a8</load_address>
         <run_address>0x36a8</run_address>
         <size>0x100</size>
         <input_file_ref idref="fl-b"/>
      </object_component>
      <object_component id="oc-520">
         <name>.text:mem_malloc</name>
         <load_address>0x37a8</load_address>
         <run_address>0x37a8</run_address>
         <size>0xf8</size>
         <input_file_ref idref="fl-b"/>
      </object_component>
      <object_component id="oc-7b4">
         <name>.text:tcp_connect</name>
         <load_address>0x38a0</load_address>
         <run_address>0x38a0</run_address>
         <size>0xf8</size>
         <input_file_ref idref="fl-b"/>
      </object_component>
      <object_component id="oc-237">
         <name>.text:lwIPInit</name>
         <load_address>0x3998</load_address>
         <run_address>0x3998</run_address>
         <size>0xec</size>
         <input_file_ref idref="fl-b"/>
      </object_component>
      <object_component id="oc-80c">
         <name>.text:mem_trim</name>
         <load_address>0x3a84</load_address>
         <run_address>0x3a84</run_address>
         <size>0xe8</size>
         <input_file_ref idref="fl-b"/>
      </object_component>
      <object_component id="oc-7fe">
         <name>.text:etharp_find_entry</name>
         <load_address>0x3b6c</load_address>
         <run_address>0x3b6c</run_address>
         <size>0xe0</size>
         <input_file_ref idref="fl-b"/>
      </object_component>
      <object_component id="oc-913">
         <name>.text:tcp_alloc</name>
         <load_address>0x3c4c</load_address>
         <run_address>0x3c4c</run_address>
         <size>0xd0</size>
         <input_file_ref idref="fl-b"/>
      </object_component>
      <object_component id="oc-8a2">
         <name>.text:InitDMADescriptors</name>
         <load_address>0x3d1c</load_address>
         <run_address>0x3d1c</run_address>
         <size>0xc4</size>
         <input_file_ref idref="fl-b"/>
      </object_component>
      <object_component id="oc-677">
         <name>.text:etharp_raw</name>
         <load_address>0x3de0</load_address>
         <run_address>0x3de0</run_address>
         <size>0xc4</size>
         <input_file_ref idref="fl-b"/>
      </object_component>
      <object_component id="oc-77d">
         <name>.text:udp_sendto_if</name>
         <load_address>0x3ea4</load_address>
         <run_address>0x3ea4</run_address>
         <size>0xc4</size>
         <input_file_ref idref="fl-b"/>
      </object_component>
      <object_component id="oc-6da">
         <name>.text:tcp_output_segment</name>
         <load_address>0x3f68</load_address>
         <run_address>0x3f68</run_address>
         <size>0xc0</size>
         <input_file_ref idref="fl-b"/>
      </object_component>
      <object_component id="oc-79a">
         <name>.text:tcp_create_segment</name>
         <load_address>0x4028</load_address>
         <run_address>0x4028</run_address>
         <size>0xbc</size>
         <input_file_ref idref="fl-b"/>
      </object_component>
      <object_component id="oc-752">
         <name>.text:tivaif_hwinit</name>
         <load_address>0x40e4</load_address>
         <run_address>0x40e4</run_address>
         <size>0xbc</size>
         <input_file_ref idref="fl-b"/>
      </object_component>
      <object_component id="oc-322">
         <name>.text:ethernet_input</name>
         <load_address>0x41a0</load_address>
         <run_address>0x41a0</run_address>
         <size>0xac</size>
         <input_file_ref idref="fl-b"/>
      </object_component>
      <object_component id="oc-926">
         <name>.text:tcp_enqueue_flags</name>
         <load_address>0x424c</load_address>
         <run_address>0x424c</run_address>
         <size>0xac</size>
         <input_file_ref idref="fl-b"/>
      </object_component>
      <object_component id="oc-84c">
         <name>.text:ip_output_if</name>
         <load_address>0x42f8</load_address>
         <run_address>0x42f8</run_address>
         <size>0xa8</size>
         <input_file_ref idref="fl-b"/>
      </object_component>
      <object_component id="oc-285">
         <name>.text:HandleButton</name>
         <load_address>0x43a0</load_address>
         <run_address>0x43a0</run_address>
         <size>0x9c</size>
         <input_file_ref idref="fl-3"/>
      </object_component>
      <object_component id="oc-57">
         <name>.text</name>
         <load_address>0x443c</load_address>
         <run_address>0x443c</run_address>
         <size>0x9c</size>
         <input_file_ref idref="fl-dd"/>
      </object_component>
      <object_component id="oc-64a">
         <name>.text:ESPInit</name>
         <load_address>0x44d8</load_address>
         <run_address>0x44d8</run_address>
         <size>0x98</size>
         <input_file_ref idref="fl-3"/>
      </object_component>
      <object_component id="oc-846">
         <name>.text:pbuf_copy</name>
         <load_address>0x4570</load_address>
         <run_address>0x4570</run_address>
         <size>0x92</size>
         <input_file_ref idref="fl-b"/>
      </object_component>
      <object_component id="oc-2b">
         <name>.text:NmiSR</name>
         <load_address>0x4602</load_address>
         <run_address>0x4602</run_address>
         <size>0x2</size>
         <input_file_ref idref="fl-5"/>
      </object_component>
      <object_component id="oc-944">
         <name>.text:tcp_abandon</name>
         <load_address>0x4604</load_address>
         <run_address>0x4604</run_address>
         <size>0x90</size>
         <input_file_ref idref="fl-b"/>
      </object_component>
      <object_component id="oc-53f">
         <name>.text:tcp_zero_window_probe</name>
         <load_address>0x4694</load_address>
         <run_address>0x4694</run_address>
         <size>0x8c</size>
         <input_file_ref idref="fl-b"/>
      </object_component>
      <object_component id="oc-45d">
         <name>.text:LocatorReceive</name>
         <load_address>0x4720</load_address>
         <run_address>0x4720</run_address>
         <size>0x88</size>
         <input_file_ref idref="fl-a"/>
      </object_component>
      <object_component id="oc-823">
         <name>.text:tcp_timewait_input</name>
         <load_address>0x47a8</load_address>
         <run_address>0x47a8</run_address>
         <size>0x84</size>
         <input_file_ref idref="fl-b"/>
      </object_component>
      <object_component id="oc-43">
         <name>.text:lwIPEthernetIntHandler</name>
         <load_address>0x482c</load_address>
         <run_address>0x482c</run_address>
         <size>0x80</size>
         <input_file_ref idref="fl-b"/>
      </object_component>
      <object_component id="oc-439">
         <name>.text:lwIPPrivateInit</name>
         <load_address>0x48ac</load_address>
         <run_address>0x48ac</run_address>
         <size>0x80</size>
         <input_file_ref idref="fl-b"/>
      </object_component>
      <object_component id="oc-7ae">
         <name>.text:tcp_bind</name>
         <load_address>0x492c</load_address>
         <run_address>0x492c</run_address>
         <size>0x80</size>
         <input_file_ref idref="fl-b"/>
      </object_component>
      <object_component id="oc-93e">
         <name>.text:tcp_parseopt</name>
         <load_address>0x49ac</load_address>
         <run_address>0x49ac</run_address>
         <size>0x80</size>
         <input_file_ref idref="fl-b"/>
      </object_component>
      <object_component id="oc-9c2">
         <name>.text:tcp_oos_insert_segment</name>
         <load_address>0x4a2c</load_address>
         <run_address>0x4a2c</run_address>
         <size>0x7c</size>
         <input_file_ref idref="fl-b"/>
      </object_component>
      <object_component id="oc-557">
         <name>.text:tcp_rst</name>
         <load_address>0x4aa8</load_address>
         <run_address>0x4aa8</run_address>
         <size>0x7c</size>
         <input_file_ref idref="fl-b"/>
      </object_component>
      <object_component id="oc-10b">
         <name>.text:tivaif_process_phy_interrupt</name>
         <load_address>0x4b24</load_address>
         <run_address>0x4b24</run_address>
         <size>0x7c</size>
         <input_file_ref idref="fl-b"/>
      </object_component>
      <object_component id="oc-da">
         <name>.text</name>
         <load_address>0x4ba0</load_address>
         <run_address>0x4ba0</run_address>
         <size>0x7a</size>
         <input_file_ref idref="fl-d4"/>
      </object_component>
      <object_component id="oc-725">
         <name>.text</name>
         <load_address>0x4c1a</load_address>
         <run_address>0x4c1a</run_address>
         <size>0x2</size>
         <input_file_ref idref="fl-ee"/>
      </object_component>
      <object_component id="oc-690">
         <name>.text:etharp_update_arp_entry</name>
         <load_address>0x4c1c</load_address>
         <run_address>0x4c1c</run_address>
         <size>0x74</size>
         <input_file_ref idref="fl-b"/>
      </object_component>
      <object_component id="oc-6aa">
         <name>.text:raw_input</name>
         <load_address>0x4c90</load_address>
         <run_address>0x4c90</run_address>
         <size>0x74</size>
         <input_file_ref idref="fl-b"/>
      </object_component>
      <object_component id="oc-4ea">
         <name>.text:mem_free</name>
         <load_address>0x4d04</load_address>
         <run_address>0x4d04</run_address>
         <size>0x70</size>
         <input_file_ref idref="fl-b"/>
      </object_component>
      <object_component id="oc-33a">
         <name>.text:tcp_fasttmr</name>
         <load_address>0x4d74</load_address>
         <run_address>0x4d74</run_address>
         <size>0x70</size>
         <input_file_ref idref="fl-b"/>
      </object_component>
      <object_component id="oc-815">
         <name>.text:icmp_send_response</name>
         <load_address>0x4de4</load_address>
         <run_address>0x4de4</run_address>
         <size>0x6c</size>
         <input_file_ref idref="fl-b"/>
      </object_component>
      <object_component id="oc-73a">
         <name>.text:memp_init</name>
         <load_address>0x4e50</load_address>
         <run_address>0x4e50</run_address>
         <size>0x6c</size>
         <input_file_ref idref="fl-b"/>
      </object_component>
      <object_component id="oc-7cc">
         <name>.text:ESPConnected</name>
         <load_address>0x4ebc</load_address>
         <run_address>0x4ebc</run_address>
         <size>0x68</size>
         <input_file_ref idref="fl-3"/>
      </object_component>
      <object_component id="oc-20d">
         <name>.text:IntEnable</name>
         <load_address>0x4f24</load_address>
         <run_address>0x4f24</run_address>
         <size>0x68</size>
         <input_file_ref idref="fl-16"/>
      </object_component>
      <object_component id="oc-13">
         <name>.text:decompress:lzss:__TI_decompress_lzss</name>
         <load_address>0x4f8c</load_address>
         <run_address>0x4f8c</run_address>
         <size>0x68</size>
         <input_file_ref idref="fl-e1"/>
      </object_component>
      <object_component id="oc-95d">
         <name>.text:lwip_standard_chksum</name>
         <load_address>0x4ff4</load_address>
         <run_address>0x4ff4</run_address>
         <size>0x68</size>
         <input_file_ref idref="fl-b"/>
      </object_component>
      <object_component id="oc-876">
         <name>.text:sys_timeout</name>
         <load_address>0x505c</load_address>
         <run_address>0x505c</run_address>
         <size>0x68</size>
         <input_file_ref idref="fl-b"/>
      </object_component>
      <object_component id="oc-6f0">
         <name>.text:tcp_output_alloc_header</name>
         <load_address>0x50c4</load_address>
         <run_address>0x50c4</run_address>
         <size>0x68</size>
         <input_file_ref idref="fl-b"/>
      </object_component>
      <object_component id="oc-530">
         <name>.text:tcp_process_refused_data</name>
         <load_address>0x512c</load_address>
         <run_address>0x512c</run_address>
         <size>0x68</size>
         <input_file_ref idref="fl-b"/>
      </object_component>
      <object_component id="oc-454">
         <name>.text:udp_bind</name>
         <load_address>0x5194</load_address>
         <run_address>0x5194</run_address>
         <size>0x68</size>
         <input_file_ref idref="fl-b"/>
      </object_component>
      <object_component id="oc-6f6">
         <name>.text:pbuf_copy_partial</name>
         <load_address>0x51fc</load_address>
         <run_address>0x51fc</run_address>
         <size>0x66</size>
         <input_file_ref idref="fl-b"/>
      </object_component>
      <object_component id="oc-504">
         <name>.text:pbuf_header</name>
         <load_address>0x5262</load_address>
         <run_address>0x5262</run_address>
         <size>0x64</size>
         <input_file_ref idref="fl-b"/>
      </object_component>
      <object_component id="oc-1fb">
         <name>.text:TimerConfigure</name>
         <load_address>0x52c8</load_address>
         <run_address>0x52c8</run_address>
         <size>0x60</size>
         <input_file_ref idref="fl-1b"/>
      </object_component>
      <object_component id="oc-1dd">
         <name>.text:UARTStdioConfig</name>
         <load_address>0x5328</load_address>
         <run_address>0x5328</run_address>
         <size>0x60</size>
         <input_file_ref idref="fl-c"/>
      </object_component>
      <object_component id="oc-683">
         <name>.text:plug_holes</name>
         <load_address>0x5388</load_address>
         <run_address>0x5388</run_address>
         <size>0x60</size>
         <input_file_ref idref="fl-b"/>
      </object_component>
      <object_component id="oc-734">
         <name>.text:mem_init</name>
         <load_address>0x53e8</load_address>
         <run_address>0x53e8</run_address>
         <size>0x5c</size>
         <input_file_ref idref="fl-b"/>
      </object_component>
      <object_component id="oc-889">
         <name>.text:netif_set_ipaddr</name>
         <load_address>0x5444</load_address>
         <run_address>0x5444</run_address>
         <size>0x5c</size>
         <input_file_ref idref="fl-b"/>
      </object_component>
      <object_component id="oc-835">
         <name>.text:tcp_pcb_remove</name>
         <load_address>0x54a0</load_address>
         <run_address>0x54a0</run_address>
         <size>0x5c</size>
         <input_file_ref idref="fl-b"/>
      </object_component>
      <object_component id="oc-69e">
         <name>.text:pbuf_realloc</name>
         <load_address>0x54fc</load_address>
         <run_address>0x54fc</run_address>
         <size>0x5a</size>
         <input_file_ref idref="fl-b"/>
      </object_component>
      <object_component id="oc-433">
         <name>.text:EMACPHYConfigSet</name>
         <load_address>0x5558</load_address>
         <run_address>0x5558</run_address>
         <size>0x58</size>
         <input_file_ref idref="fl-13"/>
      </object_component>
      <object_component id="oc-514">
         <name>.text:memp_malloc</name>
         <load_address>0x55b0</load_address>
         <run_address>0x55b0</run_address>
         <size>0x58</size>
         <input_file_ref idref="fl-b"/>
      </object_component>
      <object_component id="oc-91a">
         <name>.text:tcp_new_port</name>
         <load_address>0x5608</load_address>
         <run_address>0x5608</run_address>
         <size>0x58</size>
         <input_file_ref idref="fl-b"/>
      </object_component>
      <object_component id="oc-952">
         <name>.text:tcp_rexmit</name>
         <load_address>0x5660</load_address>
         <run_address>0x5660</run_address>
         <size>0x56</size>
         <input_file_ref idref="fl-b"/>
      </object_component>
      <object_component id="oc-475">
         <name>.text:ComEsperaFin</name>
         <load_address>0x56b8</load_address>
         <run_address>0x56b8</run_address>
         <size>0x54</size>
         <input_file_ref idref="fl-4"/>
      </object_component>
      <object_component id="oc-249">
         <name>.text:LocatorInit</name>
         <load_address>0x570c</load_address>
         <run_address>0x570c</run_address>
         <size>0x54</size>
         <input_file_ref idref="fl-a"/>
      </object_component>
      <object_component id="oc-78e">
         <name>.text:tcp_pbuf_prealloc</name>
         <load_address>0x5760</load_address>
         <run_address>0x5760</run_address>
         <size>0x52</size>
         <input_file_ref idref="fl-b"/>
      </object_component>
      <object_component id="oc-111">
         <name>.text:tivaif_process_transmit</name>
         <load_address>0x57b2</load_address>
         <run_address>0x57b2</run_address>
         <size>0x52</size>
         <input_file_ref idref="fl-b"/>
      </object_component>
      <object_component id="oc-5cd">
         <name>.text:SysCtlPeripheralReset</name>
         <load_address>0x5804</load_address>
         <run_address>0x5804</run_address>
         <size>0x50</size>
         <input_file_ref idref="fl-19"/>
      </object_component>
      <object_component id="oc-5a9">
         <name>.text:UARTwrite</name>
         <load_address>0x5854</load_address>
         <run_address>0x5854</run_address>
         <size>0x50</size>
         <input_file_ref idref="fl-c"/>
      </object_component>
      <object_component id="oc-ac">
         <name>.text:lwIPServiceTimers</name>
         <load_address>0x58a4</load_address>
         <run_address>0x58a4</run_address>
         <size>0x50</size>
         <input_file_ref idref="fl-b"/>
      </object_component>
      <object_component id="oc-788">
         <name>.text:tcp_write_checks</name>
         <load_address>0x58f4</load_address>
         <run_address>0x58f4</run_address>
         <size>0x50</size>
         <input_file_ref idref="fl-b"/>
      </object_component>
      <object_component id="oc-840">
         <name>.text:inet_chksum_pbuf</name>
         <load_address>0x5944</load_address>
         <run_address>0x5944</run_address>
         <size>0x4e</size>
         <input_file_ref idref="fl-b"/>
      </object_component>
      <object_component id="oc-315">
         <name>.text:pbuf_free</name>
         <load_address>0x5992</load_address>
         <run_address>0x5992</run_address>
         <size>0x4e</size>
         <input_file_ref idref="fl-b"/>
      </object_component>
      <object_component id="oc-37d">
         <name>.text:GPIOPinConfigure</name>
         <load_address>0x59e0</load_address>
         <run_address>0x59e0</run_address>
         <size>0x4c</size>
         <input_file_ref idref="fl-15"/>
      </object_component>
      <object_component id="oc-419">
         <name>.text:_TimerIntNumberGet</name>
         <load_address>0x5a2c</load_address>
         <run_address>0x5a2c</run_address>
         <size>0x4c</size>
         <input_file_ref idref="fl-1b"/>
      </object_component>
      <object_component id="oc-777">
         <name>.text:ip_route</name>
         <load_address>0x5a78</load_address>
         <run_address>0x5a78</run_address>
         <size>0x4c</size>
         <input_file_ref idref="fl-b"/>
      </object_component>
      <object_component id="oc-5ec">
         <name>.text:netif_add</name>
         <load_address>0x5ac4</load_address>
         <run_address>0x5ac4</run_address>
         <size>0x4c</size>
         <input_file_ref idref="fl-b"/>
      </object_component>
      <object_component id="oc-a6">
         <name>.text:tivaif_interrupt</name>
         <load_address>0x5b10</load_address>
         <run_address>0x5b10</run_address>
         <size>0x4c</size>
         <input_file_ref idref="fl-b"/>
      </object_component>
      <object_component id="oc-60f">
         <name>.text:udp_new_port</name>
         <load_address>0x5b5c</load_address>
         <run_address>0x5b5c</run_address>
         <size>0x4c</size>
         <input_file_ref idref="fl-b"/>
      </object_component>
      <object_component id="oc-36d">
         <name>.text:_SysCtlFrequencyGet</name>
         <load_address>0x5ba8</load_address>
         <run_address>0x5ba8</run_address>
         <size>0x48</size>
         <input_file_ref idref="fl-19"/>
      </object_component>
      <object_component id="oc-8d5">
         <name>.text:etharp_output_to_arp_index</name>
         <load_address>0x5bf0</load_address>
         <run_address>0x5bf0</run_address>
         <size>0x48</size>
         <input_file_ref idref="fl-b"/>
      </object_component>
      <object_component id="oc-6fc">
         <name>.text:ip_output</name>
         <load_address>0x5c38</load_address>
         <run_address>0x5c38</run_address>
         <size>0x48</size>
         <input_file_ref idref="fl-b"/>
      </object_component>
      <object_component id="oc-9a8">
         <name>.text:tcp_kill_prio</name>
         <load_address>0x5c80</load_address>
         <run_address>0x5c80</run_address>
         <size>0x48</size>
         <input_file_ref idref="fl-b"/>
      </object_component>
      <object_component id="oc-9b6">
         <name>.text:tcp_rexmit_fast</name>
         <load_address>0x5cc8</load_address>
         <run_address>0x5cc8</run_address>
         <size>0x48</size>
         <input_file_ref idref="fl-b"/>
      </object_component>
      <object_component id="oc-8e8">
         <name>.text:tivaif_check_pbuf</name>
         <load_address>0x5d10</load_address>
         <run_address>0x5d10</run_address>
         <size>0x48</size>
         <input_file_ref idref="fl-b"/>
      </object_component>
      <object_component id="oc-6d4">
         <name>.text:tcp_send_empty_ack</name>
         <load_address>0x5d58</load_address>
         <run_address>0x5d58</run_address>
         <size>0x46</size>
         <input_file_ref idref="fl-b"/>
      </object_component>
      <object_component id="oc-904">
         <name>.text:tcp_send_fin</name>
         <load_address>0x5d9e</load_address>
         <run_address>0x5d9e</run_address>
         <size>0x46</size>
         <input_file_ref idref="fl-b"/>
      </object_component>
      <object_component id="oc-2b4">
         <name>.text:__TI_auto_init_nobinit_nopinit:__TI_auto_init_nobinit_nopinit</name>
         <load_address>0x5de4</load_address>
         <run_address>0x5de4</run_address>
         <size>0x44</size>
         <input_file_ref idref="fl-ef"/>
      </object_component>
      <object_component id="oc-545">
         <name>.text:tcp_keepalive</name>
         <load_address>0x5e28</load_address>
         <run_address>0x5e28</run_address>
         <size>0x44</size>
         <input_file_ref idref="fl-b"/>
      </object_component>
      <object_component id="oc-551">
         <name>.text:tcp_pcb_purge</name>
         <load_address>0x5e6c</load_address>
         <run_address>0x5e6c</run_address>
         <size>0x42</size>
         <input_file_ref idref="fl-b"/>
      </object_component>
      <object_component id="oc-491">
         <name>.text:TocaNota</name>
         <load_address>0x5eb0</load_address>
         <run_address>0x5eb0</run_address>
         <size>0x40</size>
         <input_file_ref idref="fl-4"/>
      </object_component>
      <object_component id="oc-123">
         <name>.text:etharp_tmr</name>
         <load_address>0x5ef0</load_address>
         <run_address>0x5ef0</run_address>
         <size>0x40</size>
         <input_file_ref idref="fl-b"/>
      </object_component>
      <object_component id="oc-5af">
         <name>.text</name>
         <load_address>0x5f30</load_address>
         <run_address>0x5f30</run_address>
         <size>0x40</size>
         <input_file_ref idref="fl-de"/>
      </object_component>
      <object_component id="oc-389">
         <name>.text:SSIConfigSetExpClk</name>
         <load_address>0x5f70</load_address>
         <run_address>0x5f70</run_address>
         <size>0x3c</size>
         <input_file_ref idref="fl-17"/>
      </object_component>
      <object_component id="oc-8c6">
         <name>.text:EMACIntEnable</name>
         <load_address>0x5fac</load_address>
         <run_address>0x5fac</run_address>
         <size>0x3a</size>
         <input_file_ref idref="fl-13"/>
      </object_component>
      <object_component id="oc-243">
         <name>.text:DisplayIPAddress</name>
         <load_address>0x5fe8</load_address>
         <run_address>0x5fe8</run_address>
         <size>0x38</size>
         <input_file_ref idref="fl-3"/>
      </object_component>
      <object_component id="oc-30e">
         <name>.text:EMACConfigSet</name>
         <load_address>0x6020</load_address>
         <run_address>0x6020</run_address>
         <size>0x38</size>
         <input_file_ref idref="fl-13"/>
      </object_component>
      <object_component id="oc-58a">
         <name>.text:HAL_SPI_ReadWrite</name>
         <load_address>0x6058</load_address>
         <run_address>0x6058</run_address>
         <size>0x38</size>
         <input_file_ref idref="fl-4"/>
      </object_component>
      <object_component id="oc-255">
         <name>.text:LocatorAppTitleSet</name>
         <load_address>0x6090</load_address>
         <run_address>0x6090</run_address>
         <size>0x38</size>
         <input_file_ref idref="fl-a"/>
      </object_component>
      <object_component id="oc-5d3">
         <name>.text:SysCtlPeripheralReady</name>
         <load_address>0x60c8</load_address>
         <run_address>0x60c8</run_address>
         <size>0x38</size>
         <input_file_ref idref="fl-19"/>
      </object_component>
      <object_component id="oc-4f0">
         <name>.text:memp_free</name>
         <load_address>0x6100</load_address>
         <run_address>0x6100</run_address>
         <size>0x38</size>
         <input_file_ref idref="fl-b"/>
      </object_component>
      <object_component id="oc-99b">
         <name>.text:tcpip_tcp_timer</name>
         <load_address>0x6138</load_address>
         <run_address>0x6138</run_address>
         <size>0x38</size>
         <input_file_ref idref="fl-b"/>
      </object_component>
      <object_component id="oc-619">
         <name>.text:udp_sendto</name>
         <load_address>0x6170</load_address>
         <run_address>0x6170</run_address>
         <size>0x38</size>
         <input_file_ref idref="fl-b"/>
      </object_component>
      <object_component id="oc-308">
         <name>.text:EMACConfigGet</name>
         <load_address>0x61a8</load_address>
         <run_address>0x61a8</run_address>
         <size>0x34</size>
         <input_file_ref idref="fl-13"/>
      </object_component>
      <object_component id="oc-8b4">
         <name>.text:EMACIntClear</name>
         <load_address>0x61dc</load_address>
         <run_address>0x61dc</run_address>
         <size>0x34</size>
         <input_file_ref idref="fl-13"/>
      </object_component>
      <object_component id="oc-41f">
         <name>.text:IntRegister</name>
         <load_address>0x6210</load_address>
         <run_address>0x6210</run_address>
         <size>0x34</size>
         <input_file_ref idref="fl-16"/>
      </object_component>
      <object_component id="oc-267">
         <name>.text:Nueva_pantalla</name>
         <load_address>0x6244</load_address>
         <run_address>0x6244</run_address>
         <size>0x34</size>
         <input_file_ref idref="fl-4"/>
      </object_component>
      <object_component id="oc-1d1">
         <name>.text:SysCtlPeripheralEnable</name>
         <load_address>0x6278</load_address>
         <run_address>0x6278</run_address>
         <size>0x34</size>
         <input_file_ref idref="fl-19"/>
      </object_component>
      <object_component id="oc-75">
         <name>.text:_c_int00_noargs:_c_int00_noargs</name>
         <load_address>0x62ac</load_address>
         <run_address>0x62ac</run_address>
         <size>0x34</size>
         <input_file_ref idref="fl-e9"/>
      </object_component>
      <object_component id="oc-9a2">
         <name>.text:tcp_kill_timewait</name>
         <load_address>0x62e0</load_address>
         <run_address>0x62e0</run_address>
         <size>0x34</size>
         <input_file_ref idref="fl-b"/>
      </object_component>
      <object_component id="oc-90a">
         <name>.text:tcp_timer_needed</name>
         <load_address>0x6314</load_address>
         <run_address>0x6314</run_address>
         <size>0x34</size>
         <input_file_ref idref="fl-b"/>
      </object_component>
      <object_component id="oc-5fe">
         <name>.text:tivaif_init</name>
         <load_address>0x6348</load_address>
         <run_address>0x6348</run_address>
         <size>0x34</size>
         <input_file_ref idref="fl-b"/>
      </object_component>
      <object_component id="oc-6a4">
         <name>.text:ip4_addr_isbroadcast</name>
         <load_address>0x637c</load_address>
         <run_address>0x637c</run_address>
         <size>0x32</size>
         <input_file_ref idref="fl-b"/>
      </object_component>
      <object_component id="oc-85c">
         <name>.text:tcp_recved</name>
         <load_address>0x63ae</load_address>
         <run_address>0x63ae</run_address>
         <size>0x32</size>
         <input_file_ref idref="fl-b"/>
      </object_component>
      <object_component id="oc-47b">
         <name>.text:EscribeRam32</name>
         <load_address>0x63e0</load_address>
         <run_address>0x63e0</run_address>
         <size>0x30</size>
         <input_file_ref idref="fl-4"/>
      </object_component>
      <object_component id="oc-967">
         <name>.text:tcp_update_rcv_ann_wnd</name>
         <load_address>0x6410</load_address>
         <run_address>0x6410</run_address>
         <size>0x30</size>
         <input_file_ref idref="fl-b"/>
      </object_component>
      <object_component id="oc-627">
         <name>.text:FT800_SPI_Read32</name>
         <load_address>0x6440</load_address>
         <run_address>0x6440</run_address>
         <size>0x2e</size>
         <input_file_ref idref="fl-4"/>
      </object_component>
      <object_component id="oc-539">
         <name>.text:tcp_rexmit_rto</name>
         <load_address>0x646e</load_address>
         <run_address>0x646e</run_address>
         <size>0x2e</size>
         <input_file_ref idref="fl-b"/>
      </object_component>
      <object_component id="oc-94">
         <name>.text:EMACIntStatus</name>
         <load_address>0x649c</load_address>
         <run_address>0x649c</run_address>
         <size>0x2c</size>
         <input_file_ref idref="fl-13"/>
      </object_component>
      <object_component id="oc-40c">
         <name>.text:GPIODirModeSet</name>
         <load_address>0x64c8</load_address>
         <run_address>0x64c8</run_address>
         <size>0x2c</size>
         <input_file_ref idref="fl-15"/>
      </object_component>
      <object_component id="oc-4d5">
         <name>.text:etharp_request</name>
         <load_address>0x64f4</load_address>
         <run_address>0x64f4</run_address>
         <size>0x2c</size>
         <input_file_ref idref="fl-b"/>
      </object_component>
      <object_component id="oc-31c">
         <name>.text:pbuf_cat</name>
         <load_address>0x6520</load_address>
         <run_address>0x6520</run_address>
         <size>0x2a</size>
         <input_file_ref idref="fl-b"/>
      </object_component>
      <object_component id="oc-768">
         <name>.text:ustrncpy</name>
         <load_address>0x654a</load_address>
         <run_address>0x654a</run_address>
         <size>0x2a</size>
         <input_file_ref idref="fl-d"/>
      </object_component>
      <object_component id="oc-7d8">
         <name>.text:ESPSent</name>
         <load_address>0x6574</load_address>
         <run_address>0x6574</run_address>
         <size>0x28</size>
         <input_file_ref idref="fl-3"/>
      </object_component>
      <object_component id="oc-297">
         <name>.text:Timer0IntHandler</name>
         <load_address>0x659c</load_address>
         <run_address>0x659c</run_address>
         <size>0x28</size>
         <input_file_ref idref="fl-3"/>
      </object_component>
      <object_component id="oc-2f6">
         <name>.text:EMACPHYRead</name>
         <load_address>0x65c4</load_address>
         <run_address>0x65c4</run_address>
         <size>0x26</size>
         <input_file_ref idref="fl-13"/>
      </object_component>
      <object_component id="oc-8a8">
         <name>.text:EMACPHYWrite</name>
         <load_address>0x65ea</load_address>
         <run_address>0x65ea</run_address>
         <size>0x26</size>
         <input_file_ref idref="fl-13"/>
      </object_component>
      <object_component id="oc-3af">
         <name>.text:FT800_SPI_HostCommand</name>
         <load_address>0x6610</load_address>
         <run_address>0x6610</run_address>
         <size>0x26</size>
         <input_file_ref idref="fl-4"/>
      </object_component>
      <object_component id="oc-6e8">
         <name>.text:tcp_recv_null</name>
         <load_address>0x6636</load_address>
         <run_address>0x6636</run_address>
         <size>0x26</size>
         <input_file_ref idref="fl-b"/>
      </object_component>
      <object_component id="oc-482">
         <name>.text:Ejecuta_Lista</name>
         <load_address>0x665c</load_address>
         <run_address>0x665c</run_address>
         <size>0x24</size>
         <input_file_ref idref="fl-4"/>
      </object_component>
      <object_component id="oc-25b">
         <name>.text:IntPrioritySet</name>
         <load_address>0x6680</load_address>
         <run_address>0x6680</run_address>
         <size>0x24</size>
         <input_file_ref idref="fl-16"/>
      </object_component>
      <object_component id="oc-27f">
         <name>.text:PlaySirenStep</name>
         <load_address>0x66a4</load_address>
         <run_address>0x66a4</run_address>
         <size>0x24</size>
         <input_file_ref idref="fl-3"/>
      </object_component>
      <object_component id="oc-330">
         <name>.text:etharp_free_entry</name>
         <load_address>0x66c8</load_address>
         <run_address>0x66c8</run_address>
         <size>0x24</size>
         <input_file_ref idref="fl-b"/>
      </object_component>
      <object_component id="oc-4f8">
         <name>.text:memcmp</name>
         <load_address>0x66ec</load_address>
         <run_address>0x66ec</run_address>
         <size>0x24</size>
         <input_file_ref idref="fl-e2"/>
      </object_component>
      <object_component id="oc-302">
         <name>.text:netif_set_link_up</name>
         <load_address>0x6710</load_address>
         <run_address>0x6710</run_address>
         <size>0x24</size>
         <input_file_ref idref="fl-b"/>
      </object_component>
      <object_component id="oc-5f8">
         <name>.text:netif_set_up</name>
         <load_address>0x6734</load_address>
         <run_address>0x6734</run_address>
         <size>0x24</size>
         <input_file_ref idref="fl-b"/>
      </object_component>
      <object_component id="oc-9bc">
         <name>.text:tcp_seg_copy</name>
         <load_address>0x6758</load_address>
         <run_address>0x6758</run_address>
         <size>0x24</size>
         <input_file_ref idref="fl-b"/>
      </object_component>
      <object_component id="oc-3bb">
         <name>.text:FT800_SPI_SendAddressRD</name>
         <load_address>0x677c</load_address>
         <run_address>0x677c</run_address>
         <size>0x22</size>
         <input_file_ref idref="fl-4"/>
      </object_component>
      <object_component id="oc-3d9">
         <name>.text:FT800_SPI_Write32</name>
         <load_address>0x679e</load_address>
         <run_address>0x679e</run_address>
         <size>0x22</size>
         <input_file_ref idref="fl-4"/>
      </object_component>
      <object_component id="oc-3cd">
         <name>.text:FT800_SPI_SendAddressWR</name>
         <load_address>0x67c0</load_address>
         <run_address>0x67c0</run_address>
         <size>0x20</size>
         <input_file_ref idref="fl-4"/>
      </object_component>
      <object_component id="oc-24f">
         <name>.text:LocatorMACAddrSet</name>
         <load_address>0x67e0</load_address>
         <run_address>0x67e0</run_address>
         <size>0x20</size>
         <input_file_ref idref="fl-a"/>
      </object_component>
      <object_component id="oc-48b">
         <name>.text:VolNota</name>
         <load_address>0x6800</load_address>
         <run_address>0x6800</run_address>
         <size>0x20</size>
         <input_file_ref idref="fl-4"/>
      </object_component>
      <object_component id="oc-367">
         <name>.text:_SysCtlMemTimingGet</name>
         <load_address>0x6820</load_address>
         <run_address>0x6820</run_address>
         <size>0x20</size>
         <input_file_ref idref="fl-19"/>
      </object_component>
      <object_component id="oc-804">
         <name>.text:etharp_send_ip</name>
         <load_address>0x6840</load_address>
         <run_address>0x6840</run_address>
         <size>0x20</size>
         <input_file_ref idref="fl-b"/>
      </object_component>
      <object_component id="oc-8d">
         <name>.text:lwIPTimer</name>
         <load_address>0x6860</load_address>
         <run_address>0x6860</run_address>
         <size>0x20</size>
         <input_file_ref idref="fl-b"/>
      </object_component>
      <object_component id="oc-740">
         <name>.text:sys_timeouts_init</name>
         <load_address>0x6880</load_address>
         <run_address>0x6880</run_address>
         <size>0x20</size>
         <input_file_ref idref="fl-b"/>
      </object_component>
      <object_component id="oc-854">
         <name>.text:tcp_eff_send_mss</name>
         <load_address>0x68a0</load_address>
         <run_address>0x68a0</run_address>
         <size>0x20</size>
         <input_file_ref idref="fl-b"/>
      </object_component>
      <object_component id="oc-129">
         <name>.text:tcp_tmr</name>
         <load_address>0x68c0</load_address>
         <run_address>0x68c0</run_address>
         <size>0x20</size>
         <input_file_ref idref="fl-b"/>
      </object_component>
      <object_component id="oc-441">
         <name>.text:usprintf</name>
         <load_address>0x68e0</load_address>
         <run_address>0x68e0</run_address>
         <size>0x20</size>
         <input_file_ref idref="fl-d"/>
      </object_component>
      <object_component id="oc-89c">
         <name>.text:EMACAddrGet</name>
         <load_address>0x6900</load_address>
         <run_address>0x6900</run_address>
         <size>0x1e</size>
         <input_file_ref idref="fl-13"/>
      </object_component>
      <object_component id="oc-3a9">
         <name>.text:FT800_SPI_HostCommandDummyRead</name>
         <load_address>0x691e</load_address>
         <run_address>0x691e</run_address>
         <size>0x1e</size>
         <input_file_ref idref="fl-4"/>
      </object_component>
      <object_component id="oc-273">
         <name>.text:Esc_Reg</name>
         <load_address>0x693c</load_address>
         <run_address>0x693c</run_address>
         <size>0x1c</size>
         <input_file_ref idref="fl-4"/>
      </object_component>
      <object_component id="oc-748">
         <name>.text:netif_set_addr</name>
         <load_address>0x6958</load_address>
         <run_address>0x6958</run_address>
         <size>0x1c</size>
         <input_file_ref idref="fl-b"/>
      </object_component>
      <object_component id="oc-448">
         <name>.text:udp_new</name>
         <load_address>0x6974</load_address>
         <run_address>0x6974</run_address>
         <size>0x1c</size>
         <input_file_ref idref="fl-b"/>
      </object_component>
      <object_component id="oc-1e9">
         <name>.text:GPIOPinTypeGPIOOutput</name>
         <load_address>0x6990</load_address>
         <run_address>0x6990</run_address>
         <size>0x1a</size>
         <input_file_ref idref="fl-15"/>
      </object_component>
      <object_component id="oc-1e3">
         <name>.text:UARTprintf</name>
         <load_address>0x69aa</load_address>
         <run_address>0x69aa</run_address>
         <size>0x1a</size>
         <input_file_ref idref="fl-c"/>
      </object_component>
      <object_component id="oc-5e6">
         <name>.text:lwip_htonl</name>
         <load_address>0x69c4</load_address>
         <run_address>0x69c4</run_address>
         <size>0x1a</size>
         <input_file_ref idref="fl-b"/>
      </object_component>
      <object_component id="oc-3c7">
         <name>.text:HAL_SPI_CSHigh</name>
         <load_address>0x69e0</load_address>
         <run_address>0x69e0</run_address>
         <size>0x18</size>
         <input_file_ref idref="fl-4"/>
      </object_component>
      <object_component id="oc-3b5">
         <name>.text:HAL_SPI_CSLow</name>
         <load_address>0x69f8</load_address>
         <run_address>0x69f8</run_address>
         <size>0x18</size>
         <input_file_ref idref="fl-4"/>
      </object_component>
      <object_component id="oc-39d">
         <name>.text:HAL_SPI_PDhigh</name>
         <load_address>0x6a10</load_address>
         <run_address>0x6a10</run_address>
         <size>0x18</size>
         <input_file_ref idref="fl-4"/>
      </object_component>
      <object_component id="oc-207">
         <name>.text:TimerIntRegister</name>
         <load_address>0x6a28</load_address>
         <run_address>0x6a28</run_address>
         <size>0x18</size>
         <input_file_ref idref="fl-1b"/>
      </object_component>
      <object_component id="oc-882">
         <name>.text:arp_timer</name>
         <load_address>0x6a40</load_address>
         <run_address>0x6a40</run_address>
         <size>0x18</size>
         <input_file_ref idref="fl-b"/>
      </object_component>
      <object_component id="oc-11d">
         <name>.text:lwIPHostTimerHandler</name>
         <load_address>0x6a58</load_address>
         <run_address>0x6a58</run_address>
         <size>0x18</size>
         <input_file_ref idref="fl-3"/>
      </object_component>
      <object_component id="oc-51a">
         <name>.text:pbuf_pool_is_empty</name>
         <load_address>0x6a70</load_address>
         <run_address>0x6a70</run_address>
         <size>0x18</size>
         <input_file_ref idref="fl-b"/>
      </object_component>
      <object_component id="oc-924">
         <name>.text:tcp_next_iss</name>
         <load_address>0x6a88</load_address>
         <run_address>0x6a88</run_address>
         <size>0x18</size>
         <input_file_ref idref="fl-b"/>
      </object_component>
      <object_component id="oc-6e0">
         <name>.text:tcp_seg_free</name>
         <load_address>0x6aa0</load_address>
         <run_address>0x6aa0</run_address>
         <size>0x18</size>
         <input_file_ref idref="fl-b"/>
      </object_component>
      <object_component id="oc-26d">
         <name>.text:Dibuja</name>
         <load_address>0x6ab8</load_address>
         <run_address>0x6ab8</run_address>
         <size>0x16</size>
         <input_file_ref idref="fl-4"/>
      </object_component>
      <object_component id="oc-5d9">
         <name>.text:EMACReset</name>
         <load_address>0x6ace</load_address>
         <run_address>0x6ace</run_address>
         <size>0x16</size>
         <input_file_ref idref="fl-13"/>
      </object_component>
      <object_component id="oc-8c0">
         <name>.text:EMACRxEnable</name>
         <load_address>0x6ae4</load_address>
         <run_address>0x6ae4</run_address>
         <size>0x16</size>
         <input_file_ref idref="fl-13"/>
      </object_component>
      <object_component id="oc-8ba">
         <name>.text:EMACTxEnable</name>
         <load_address>0x6afa</load_address>
         <run_address>0x6afa</run_address>
         <size>0x16</size>
         <input_file_ref idref="fl-13"/>
      </object_component>
      <object_component id="oc-3ea">
         <name>.text:GPIOPinTypeEthernetLED</name>
         <load_address>0x6b10</load_address>
         <run_address>0x6b10</run_address>
         <size>0x16</size>
         <input_file_ref idref="fl-15"/>
      </object_component>
      <object_component id="oc-1ef">
         <name>.text:GPIOPinTypeGPIOInput</name>
         <load_address>0x6b26</load_address>
         <run_address>0x6b26</run_address>
         <size>0x16</size>
         <input_file_ref idref="fl-15"/>
      </object_component>
      <object_component id="oc-383">
         <name>.text:GPIOPinTypeSSI</name>
         <load_address>0x6b3c</load_address>
         <run_address>0x6b3c</run_address>
         <size>0x16</size>
         <input_file_ref idref="fl-15"/>
      </object_component>
      <object_component id="oc-8e2">
         <name>.text:pbuf_ref</name>
         <load_address>0x6b52</load_address>
         <run_address>0x6b52</run_address>
         <size>0x16</size>
         <input_file_ref idref="fl-b"/>
      </object_component>
      <object_component id="oc-3d3">
         <name>.text:FT800_SPI_Write16</name>
         <load_address>0x6b68</load_address>
         <run_address>0x6b68</run_address>
         <size>0x14</size>
         <input_file_ref idref="fl-4"/>
      </object_component>
      <object_component id="oc-231">
         <name>.text:FlashUserGet</name>
         <load_address>0x6b7c</load_address>
         <run_address>0x6b7c</run_address>
         <size>0x14</size>
         <input_file_ref idref="fl-14"/>
      </object_component>
      <object_component id="oc-279">
         <name>.text:SysCtlSleepFake</name>
         <load_address>0x6b90</load_address>
         <run_address>0x6b90</run_address>
         <size>0x14</size>
         <input_file_ref idref="fl-3"/>
      </object_component>
      <object_component id="oc-225">
         <name>.text:SysTickEnable</name>
         <load_address>0x6ba4</load_address>
         <run_address>0x6ba4</run_address>
         <size>0x14</size>
         <input_file_ref idref="fl-1a"/>
      </object_component>
      <object_component id="oc-22b">
         <name>.text:SysTickIntEnable</name>
         <load_address>0x6bb8</load_address>
         <run_address>0x6bb8</run_address>
         <size>0x14</size>
         <input_file_ref idref="fl-1a"/>
      </object_component>
      <object_component id="oc-638">
         <name>.text:strlen</name>
         <load_address>0x6bcc</load_address>
         <run_address>0x6bcc</run_address>
         <size>0x14</size>
         <input_file_ref idref="fl-e5"/>
      </object_component>
      <object_component id="oc-4e4">
         <name>.text:sys_arch_unprotect</name>
         <load_address>0x6be0</load_address>
         <run_address>0x6be0</run_address>
         <size>0x14</size>
         <input_file_ref idref="fl-b"/>
      </object_component>
      <object_component id="oc-644">
         <name>.text:tcp_close</name>
         <load_address>0x6bf4</load_address>
         <run_address>0x6bf4</run_address>
         <size>0x14</size>
         <input_file_ref idref="fl-b"/>
      </object_component>
      <object_component id="oc-201">
         <name>.text:TimerLoadSet</name>
         <load_address>0x6c08</load_address>
         <run_address>0x6c08</run_address>
         <size>0x12</size>
         <input_file_ref idref="fl-1b"/>
      </object_component>
      <object_component id="oc-2fc">
         <name>.text:netif_set_link_down</name>
         <load_address>0x6c1a</load_address>
         <run_address>0x6c1a</run_address>
         <size>0x12</size>
         <input_file_ref idref="fl-b"/>
      </object_component>
      <object_component id="oc-794">
         <name>.text:pbuf_clen</name>
         <load_address>0x6c2c</load_address>
         <run_address>0x6c2c</run_address>
         <size>0x12</size>
         <input_file_ref idref="fl-b"/>
      </object_component>
      <object_component id="oc-8ae">
         <name>.text:EMACFrameFilterSet</name>
         <load_address>0x6c40</load_address>
         <run_address>0x6c40</run_address>
         <size>0x10</size>
         <input_file_ref idref="fl-13"/>
      </object_component>
      <object_component id="oc-62e">
         <name>.text:FT800_IncCMDOffset</name>
         <load_address>0x6c50</load_address>
         <run_address>0x6c50</run_address>
         <size>0x10</size>
         <input_file_ref idref="fl-4"/>
      </object_component>
      <object_component id="oc-261">
         <name>.text:IntMasterEnable</name>
         <load_address>0x6c60</load_address>
         <run_address>0x6c60</run_address>
         <size>0x10</size>
         <input_file_ref idref="fl-16"/>
      </object_component>
      <object_component id="oc-21f">
         <name>.text:SysTickPeriodSet</name>
         <load_address>0x6c70</load_address>
         <run_address>0x6c70</run_address>
         <size>0x10</size>
         <input_file_ref idref="fl-1a"/>
      </object_component>
      <object_component id="oc-937">
         <name>.text:inet_chksum</name>
         <load_address>0x6c80</load_address>
         <run_address>0x6c80</run_address>
         <size>0x10</size>
         <input_file_ref idref="fl-b"/>
      </object_component>
      <object_component id="oc-5e0">
         <name>.text:lwip_init</name>
         <load_address>0x6c90</load_address>
         <run_address>0x6c90</run_address>
         <size>0x10</size>
         <input_file_ref idref="fl-b"/>
      </object_component>
      <object_component id="oc-8f7">
         <name>.text:pbuf_chain</name>
         <load_address>0x6ca0</load_address>
         <run_address>0x6ca0</run_address>
         <size>0x10</size>
         <input_file_ref idref="fl-b"/>
      </object_component>
      <object_component id="oc-4de">
         <name>.text:sys_arch_protect</name>
         <load_address>0x6cb0</load_address>
         <run_address>0x6cb0</run_address>
         <size>0x10</size>
         <input_file_ref idref="fl-b"/>
      </object_component>
      <object_component id="oc-54b">
         <name>.text:tcp_segs_free</name>
         <load_address>0x6cc0</load_address>
         <run_address>0x6cc0</run_address>
         <size>0x10</size>
         <input_file_ref idref="fl-b"/>
      </object_component>
      <object_component id="oc-7d2">
         <name>.text:ESPRecv</name>
         <load_address>0x6cd0</load_address>
         <run_address>0x6cd0</run_address>
         <size>0xe</size>
         <input_file_ref idref="fl-3"/>
      </object_component>
      <object_component id="oc-219">
         <name>.text:TimerEnable</name>
         <load_address>0x6cde</load_address>
         <run_address>0x6cde</run_address>
         <size>0xe</size>
         <input_file_ref idref="fl-1b"/>
      </object_component>
      <object_component id="oc-19">
         <name>.text:decompress:none:__TI_decompress_none</name>
         <load_address>0x6cec</load_address>
         <run_address>0x6cec</run_address>
         <size>0xe</size>
         <input_file_ref idref="fl-e0"/>
      </object_component>
      <object_component id="oc-46e">
         <name>.text:CPUcpsie</name>
         <load_address>0x6cfa</load_address>
         <run_address>0x6cfa</run_address>
         <size>0xc</size>
         <input_file_ref idref="fl-1c"/>
      </object_component>
      <object_component id="oc-3a3">
         <name>.text:Delay</name>
         <load_address>0x6d08</load_address>
         <run_address>0x6d08</run_address>
         <size>0xc</size>
         <input_file_ref idref="fl-4"/>
      </object_component>
      <object_component id="oc-71d">
         <name>.text:SSIDataGet</name>
         <load_address>0x6d14</load_address>
         <run_address>0x6d14</run_address>
         <size>0xc</size>
         <input_file_ref idref="fl-17"/>
      </object_component>
      <object_component id="oc-1b8">
         <name>.text:SysCtlMOSCConfigSet</name>
         <load_address>0x6d20</load_address>
         <run_address>0x6d20</run_address>
         <size>0xc</size>
         <input_file_ref idref="fl-19"/>
      </object_component>
      <object_component id="oc-69">
         <name>.text:decompress:ZI:__TI_zero_init</name>
         <load_address>0x6d2c</load_address>
         <run_address>0x6d2c</run_address>
         <size>0xc</size>
         <input_file_ref idref="fl-df"/>
      </object_component>
      <object_component id="oc-23d">
         <name>.text:lwIPLocalIPAddrGet</name>
         <load_address>0x6d38</load_address>
         <run_address>0x6d38</run_address>
         <size>0xc</size>
         <input_file_ref idref="fl-b"/>
      </object_component>
      <object_component id="oc-696">
         <name>.text:lwip_htons</name>
         <load_address>0x6d44</load_address>
         <run_address>0x6d44</run_address>
         <size>0xc</size>
         <input_file_ref idref="fl-b"/>
      </object_component>
      <object_component id="oc-5f2">
         <name>.text:netif_set_default</name>
         <load_address>0x6d50</load_address>
         <run_address>0x6d50</run_address>
         <size>0xc</size>
         <input_file_ref idref="fl-b"/>
      </object_component>
      <object_component id="oc-895">
         <name>.text:netif_set_gw</name>
         <load_address>0x6d5c</load_address>
         <run_address>0x6d5c</run_address>
         <size>0xc</size>
         <input_file_ref idref="fl-b"/>
      </object_component>
      <object_component id="oc-88f">
         <name>.text:netif_set_netmask</name>
         <load_address>0x6d68</load_address>
         <run_address>0x6d68</run_address>
         <size>0xc</size>
         <input_file_ref idref="fl-b"/>
      </object_component>
      <object_component id="oc-87c">
         <name>.text:sys_now</name>
         <load_address>0x6d74</load_address>
         <run_address>0x6d74</run_address>
         <size>0xc</size>
         <input_file_ref idref="fl-b"/>
      </object_component>
      <object_component id="oc-711">
         <name>.text:SSIDataPut</name>
         <load_address>0x6d80</load_address>
         <run_address>0x6d80</run_address>
         <size>0xa</size>
         <input_file_ref idref="fl-17"/>
      </object_component>
      <object_component id="oc-38f">
         <name>.text:SSIEnable</name>
         <load_address>0x6d8a</load_address>
         <run_address>0x6d8a</run_address>
         <size>0xa</size>
         <input_file_ref idref="fl-17"/>
      </object_component>
      <object_component id="oc-9a">
         <name>.text:EMACPowerManagementStatusGet</name>
         <load_address>0x6d94</load_address>
         <run_address>0x6d94</run_address>
         <size>0x8</size>
         <input_file_ref idref="fl-13"/>
      </object_component>
      <object_component id="oc-8ee">
         <name>.text:EMACTxDMAPollDemand</name>
         <load_address>0x6d9c</load_address>
         <run_address>0x6d9c</run_address>
         <size>0x8</size>
         <input_file_ref idref="fl-13"/>
      </object_component>
      <object_component id="oc-717">
         <name>.text:SSIBusy</name>
         <load_address>0x6da4</load_address>
         <run_address>0x6da4</run_address>
         <size>0x8</size>
         <input_file_ref idref="fl-17"/>
      </object_component>
      <object_component id="oc-213">
         <name>.text:TimerIntEnable</name>
         <load_address>0x6dac</load_address>
         <run_address>0x6dac</run_address>
         <size>0x8</size>
         <input_file_ref idref="fl-1b"/>
      </object_component>
      <object_component id="oc-6b0">
         <name>.text:icmp_dest_unreach</name>
         <load_address>0x6db4</load_address>
         <run_address>0x6db4</run_address>
         <size>0x8</size>
         <input_file_ref idref="fl-b"/>
      </object_component>
      <object_component id="oc-97b">
         <name>.text:EMACRxDMADescriptorListSet</name>
         <load_address>0x6dbc</load_address>
         <run_address>0x6dbc</run_address>
         <size>0x6</size>
         <input_file_ref idref="fl-13"/>
      </object_component>
      <object_component id="oc-a0">
         <name>.text:EMACTimestampIntStatus</name>
[...]
         <value>0x51fd</value>
         <object_component_ref idref="oc-6f6"/>
      </symbol>
      <symbol id="sm-d2f">
         <name>pbuf_alloc</name>
         <value>0x3109</value>
         <object_component_ref idref="oc-328"/>
      </symbol>
      <symbol id="sm-d30">
         <name>icmp_input</name>
         <value>0x28a9</value>
         <object_component_ref idref="oc-6c2"/>
      </symbol>
      <symbol id="sm-d31">
         <name>netif_set_gw</name>
         <value>0x6d5d</value>
         <object_component_ref idref="oc-895"/>
      </symbol>
      <symbol id="sm-d32">
         <name>inet_chksum_pbuf</name>
         <value>0x5945</value>
         <object_component_ref idref="oc-840"/>
      </symbol>
      <symbol id="sm-d33">
         <name>ip_output</name>
         <value>0x5c39</value>
         <object_component_ref idref="oc-6fc"/>
      </symbol>
      <symbol id="sm-d34">
         <name>pbuf_copy</name>
         <value>0x4571</value>
         <object_component_ref idref="oc-846"/>
      </symbol>
      <symbol id="sm-d35">
         <name>tcp_segs_free</name>
         <value>0x6cc1</value>
         <object_component_ref idref="oc-54b"/>
      </symbol>
      <symbol id="sm-d36">
         <name>tcp_close</name>
         <value>0x6bf5</value>
         <object_component_ref idref="oc-644"/>
      </symbol>
      <symbol id="sm-d37">
         <name>tivaif_interrupt</name>
         <value>0x5b11</value>
         <object_component_ref idref="oc-a6"/>
      </symbol>
      <symbol id="sm-d38">
         <name>ethzero</name>
         <value>0x72d5</value>
         <object_component_ref idref="oc-67d"/>
      </symbol>
      <symbol id="sm-d39">
         <name>lwIPTimer</name>
         <value>0x6861</value>
         <object_component_ref idref="oc-8d"/>
      </symbol>
      <symbol id="sm-d3a">
         <name>tcp_update_rcv_ann_wnd</name>
         <value>0x6411</value>
         <object_component_ref idref="oc-967"/>
      </symbol>
      <symbol id="sm-d3b">
         <name>tcp_new</name>
         <value>0x6dff</value>
         <object_component_ref idref="oc-7a8"/>
      </symbol>
      <symbol id="sm-d3c">
         <name>ethbroadcast</name>
         <value>0x72cf</value>
         <object_component_ref idref="oc-510"/>
      </symbol>
      <symbol id="sm-d3d">
         <name>lwip_init</name>
         <value>0x6c91</value>
         <object_component_ref idref="oc-5e0"/>
      </symbol>
      <symbol id="sm-d3e">
         <name>lwIPEthernetIntHandler</name>
         <value>0x482d</value>
         <object_component_ref idref="oc-43"/>
      </symbol>
      <symbol id="sm-d3f">
         <name>tcp_sent</name>
         <value>0x6e21</value>
         <object_component_ref idref="oc-7c0"/>
      </symbol>
      <symbol id="sm-d40">
         <name>tcp_tmr</name>
         <value>0x68c1</value>
         <object_component_ref idref="oc-129"/>
      </symbol>
      <symbol id="sm-d41">
         <name>tcp_eff_send_mss</name>
         <value>0x68a1</value>
         <object_component_ref idref="oc-854"/>
      </symbol>
      <symbol id="sm-d42">
         <name>tcp_process_refused_data</name>
         <value>0x512d</value>
         <object_component_ref idref="oc-530"/>
      </symbol>
      <symbol id="sm-d43">
         <name>netif_add</name>
         <value>0x5ac5</value>
         <object_component_ref idref="oc-5ec"/>
      </symbol>
      <symbol id="sm-d44">
         <name>tcp_seg_copy</name>
         <value>0x6759</value>
         <object_component_ref idref="oc-9bc"/>
      </symbol>
      <symbol id="sm-d45">
         <name>netif_set_default</name>
         <value>0x6d51</value>
         <object_component_ref idref="oc-5f2"/>
      </symbol>
      <symbol id="sm-d46">
         <name>sys_now</name>
         <value>0x6d75</value>
         <object_component_ref idref="oc-87c"/>
      </symbol>
      <symbol id="sm-d47">
         <name>ip_route</name>
         <value>0x5a79</value>
         <object_component_ref idref="oc-777"/>
      </symbol>
      <symbol id="sm-d48">
         <name>tcp_pcb_remove</name>
         <value>0x54a1</value>
         <object_component_ref idref="oc-835"/>
      </symbol>
      <symbol id="sm-d49">
         <name>g_RxDescList</name>
         <value>0x2001880c</value>
         <object_component_ref idref="oc-8d0"/>
      </symbol>
      <symbol id="sm-d4a">
         <name>g_TxDescList</name>
         <value>0x2001881c</value>
         <object_component_ref idref="oc-8cd"/>
      </symbol>
      <symbol id="sm-d4b">
         <name>sys_timeout</name>
         <value>0x505d</value>
         <object_component_ref idref="oc-876"/>
      </symbol>
      <symbol id="sm-d4c">
         <name>etharp_tmr</name>
         <value>0x5ef1</value>
         <object_component_ref idref="oc-123"/>
      </symbol>
      <symbol id="sm-d4d">
         <name>tcp_abort</name>
         <value>0x6df3</value>
         <object_component_ref idref="oc-82f"/>
      </symbol>
      <symbol id="sm-d4e">
         <name>mem_trim</name>
         <value>0x3a85</value>
         <object_component_ref idref="oc-80c"/>
      </symbol>
      <symbol id="sm-dbd">
         <name>UARTStdioConfig</name>
         <value>0x5329</value>
         <object_component_ref idref="oc-1dd"/>
      </symbol>
      <symbol id="sm-dbe">
         <name>UARTwrite</name>
         <value>0x5855</value>
         <object_component_ref idref="oc-5a9"/>
      </symbol>
      <symbol id="sm-dbf">
         <name>UARTprintf</name>
         <value>0x69ab</value>
         <object_component_ref idref="oc-1e3"/>
      </symbol>
      <symbol id="sm-dc0">
         <name>UARTvprintf</name>
         <value>0x21e9</value>
         <object_component_ref idref="oc-400"/>
      </symbol>
      <symbol id="sm-e0d">
         <name>uvsnprintf</name>
         <value>0x195d</value>
         <object_component_ref idref="oc-605"/>
      </symbol>
      <symbol id="sm-e0e">
         <name>ustrncpy</name>
         <value>0x654b</value>
         <object_component_ref idref="oc-768"/>
      </symbol>
      <symbol id="sm-e0f">
         <name>usprintf</name>
         <value>0x68e1</value>
         <object_component_ref idref="oc-441"/>
      </symbol>
      <symbol id="sm-ec9">
         <name>EMACConfigSet</name>
         <value>0x6021</value>
         <object_component_ref idref="oc-30e"/>
      </symbol>
      <symbol id="sm-eca">
         <name>EMACTxEnable</name>
         <value>0x6afb</value>
         <object_component_ref idref="oc-8ba"/>
      </symbol>
      <symbol id="sm-ecb">
         <name>EMACRxDMADescriptorListSet</name>
         <value>0x6dbd</value>
         <object_component_ref idref="oc-97b"/>
      </symbol>
      <symbol id="sm-ecc">
         <name>EMACPHYConfigSet</name>
         <value>0x5559</value>
         <object_component_ref idref="oc-433"/>
      </symbol>
      <symbol id="sm-ecd">
         <name>EMACPHYRead</name>
         <value>0x65c5</value>
         <object_component_ref idref="oc-2f6"/>
      </symbol>
      <symbol id="sm-ece">
         <name>EMACTimestampIntStatus</name>
         <value>0x6dc3</value>
         <object_component_ref idref="oc-a0"/>
      </symbol>
      <symbol id="sm-ecf">
         <name>EMACRxEnable</name>
         <value>0x6ae5</value>
         <object_component_ref idref="oc-8c0"/>
      </symbol>
      <symbol id="sm-ed0">
         <name>EMACPowerManagementStatusGet</name>
         <value>0x6d95</value>
         <object_component_ref idref="oc-9a"/>
      </symbol>
      <symbol id="sm-ed1">
         <name>EMACIntClear</name>
         <value>0x61dd</value>
         <object_component_ref idref="oc-8b4"/>
      </symbol>
      <symbol id="sm-ed2">
         <name>EMACConfigGet</name>
         <value>0x61a9</value>
         <object_component_ref idref="oc-308"/>
      </symbol>
      <symbol id="sm-ed3">
         <name>EMACIntEnable</name>
         <value>0x5fad</value>
         <object_component_ref idref="oc-8c6"/>
      </symbol>
      <symbol id="sm-ed4">
         <name>EMACPHYWrite</name>
         <value>0x65eb</value>
         <object_component_ref idref="oc-8a8"/>
      </symbol>
      <symbol id="sm-ed5">
         <name>EMACReset</name>
         <value>0x6acf</value>
         <object_component_ref idref="oc-5d9"/>
      </symbol>
      <symbol id="sm-ed6">
         <name>EMACFrameFilterSet</name>
         <value>0x6c41</value>
         <object_component_ref idref="oc-8ae"/>
      </symbol>
      <symbol id="sm-ed7">
         <name>EMACTxDMAPollDemand</name>
         <value>0x6d9d</value>
         <object_component_ref idref="oc-8ee"/>
      </symbol>
      <symbol id="sm-ed8">
         <name>EMACAddrGet</name>
         <value>0x6901</value>
         <object_component_ref idref="oc-89c"/>
      </symbol>
      <symbol id="sm-ed9">
         <name>EMACTxDMADescriptorListSet</name>
         <value>0x6dc9</value>
         <object_component_ref idref="oc-981"/>
      </symbol>
      <symbol id="sm-eda">
         <name>EMACIntStatus</name>
         <value>0x649d</value>
         <object_component_ref idref="oc-94"/>
      </symbol>
      <symbol id="sm-ee9">
         <name>FlashUserGet</name>
         <value>0x6b7d</value>
         <object_component_ref idref="oc-231"/>
      </symbol>
      <symbol id="sm-f4b">
         <name>GPIOPinConfigure</name>
         <value>0x59e1</value>
         <object_component_ref idref="oc-37d"/>
      </symbol>
      <symbol id="sm-f4c">
         <name>GPIOPinTypeGPIOInput</name>
         <value>0x6b27</value>
         <object_component_ref idref="oc-1ef"/>
      </symbol>
      <symbol id="sm-f4d">
         <name>GPIOPinTypeGPIOOutput</name>
         <value>0x6991</value>
         <object_component_ref idref="oc-1e9"/>
      </symbol>
      <symbol id="sm-f4e">
         <name>GPIOPinRead</name>
         <value>0x6dd5</value>
         <object_component_ref idref="oc-28b"/>
      </symbol>
      <symbol id="sm-f4f">
         <name>GPIODirModeSet</name>
         <value>0x64c9</value>
         <object_component_ref idref="oc-40c"/>
      </symbol>
      <symbol id="sm-f50">
         <name>GPIOPinWrite</name>
         <value>0x6ddb</value>
         <object_component_ref idref="oc-291"/>
      </symbol>
      <symbol id="sm-f51">
         <name>GPIOPadConfigSet</name>
         <value>0x2d15</value>
         <object_component_ref idref="oc-1f5"/>
      </symbol>
      <symbol id="sm-f52">
         <name>GPIOPinTypeSSI</name>
         <value>0x6b3d</value>
         <object_component_ref idref="oc-383"/>
      </symbol>
      <symbol id="sm-f53">
         <name>GPIOPinTypeEthernetLED</name>
         <value>0x6b11</value>
         <object_component_ref idref="oc-3ea"/>
      </symbol>
      <symbol id="sm-f9e">
         <name>IntPrioritySet</name>
         <value>0x6681</value>
         <object_component_ref idref="oc-25b"/>
      </symbol>
      <symbol id="sm-f9f">
         <name>IntEnable</name>
         <value>0x4f25</value>
         <object_component_ref idref="oc-20d"/>
      </symbol>
      <symbol id="sm-fa0">
         <name>IntRegister</name>
         <value>0x6211</value>
         <object_component_ref idref="oc-41f"/>
      </symbol>
      <symbol id="sm-fa1">
         <name>g_pfnRAMVectors</name>
         <value>0x20000000</value>
         <object_component_ref idref="oc-5c1"/>
      </symbol>
      <symbol id="sm-fa2">
         <name>IntMasterEnable</name>
         <value>0x6c61</value>
         <object_component_ref idref="oc-261"/>
      </symbol>
      <symbol id="sm-fd2">
         <name>SSIDataPut</name>
         <value>0x6d81</value>
         <object_component_ref idref="oc-711"/>
      </symbol>
      <symbol id="sm-fd3">
         <name>SSIDataGet</name>
         <value>0x6d15</value>
         <object_component_ref idref="oc-71d"/>
      </symbol>
      <symbol id="sm-fd4">
         <name>SSIConfigSetExpClk</name>
         <value>0x5f71</value>
         <object_component_ref idref="oc-389"/>
      </symbol>
      <symbol id="sm-fd5">
         <name>SSIEnable</name>
         <value>0x6d8b</value>
         <object_component_ref idref="oc-38f"/>
      </symbol>
      <symbol id="sm-fd6">
         <name>SSIBusy</name>
         <value>0x6da5</value>
         <object_component_ref idref="oc-717"/>
      </symbol>
      <symbol id="sm-1068">
         <name>SysCtlDelay</name>
         <value>0x6de7</value>
         <object_component_ref idref="oc-1d0"/>
      </symbol>
      <symbol id="sm-1069">
         <name>SysCtlMOSCConfigSet</name>
         <value>0x6d21</value>
         <object_component_ref idref="oc-1b8"/>
      </symbol>
      <symbol id="sm-106a">
         <name>SysCtlPeripheralEnable</name>
         <value>0x6279</value>
         <object_component_ref idref="oc-1d1"/>
      </symbol>
      <symbol id="sm-106b">
         <name>SysCtlPeripheralReady</name>
         <value>0x60c9</value>
         <object_component_ref idref="oc-5d3"/>
      </symbol>
      <symbol id="sm-106c">
         <name>SysCtlClockFreqSet</name>
         <value>0x1fe9</value>
         <object_component_ref idref="oc-1be"/>
      </symbol>
      <symbol id="sm-106d">
         <name>SysCtlPeripheralReset</name>
         <value>0x5805</value>
         <object_component_ref idref="oc-5cd"/>
      </symbol>
      <symbol id="sm-1090">
         <name>SysTickEnable</name>
         <value>0x6ba5</value>
         <object_component_ref idref="oc-225"/>
      </symbol>
      <symbol id="sm-1091">
         <name>SysTickIntEnable</name>
         <value>0x6bb9</value>
         <object_component_ref idref="oc-22b"/>
      </symbol>
      <symbol id="sm-1092">
         <name>SysTickPeriodSet</name>
         <value>0x6c71</value>
         <object_component_ref idref="oc-21f"/>
      </symbol>
      <symbol id="sm-10ed">
         <name>TimerLoadSet</name>
         <value>0x6c09</value>
         <object_component_ref idref="oc-201"/>
      </symbol>
      <symbol id="sm-10ee">
         <name>TimerIntRegister</name>
         <value>0x6a29</value>
         <object_component_ref idref="oc-207"/>
      </symbol>
      <symbol id="sm-10ef">
         <name>TimerEnable</name>
         <value>0x6cdf</value>
         <object_component_ref idref="oc-219"/>
      </symbol>
      <symbol id="sm-10f0">
         <name>TimerIntEnable</name>
         <value>0x6dad</value>
         <object_component_ref idref="oc-213"/>
      </symbol>
      <symbol id="sm-10f1">
         <name>TimerConfigure</name>
         <value>0x52c9</value>
         <object_component_ref idref="oc-1fb"/>
      </symbol>
      <symbol id="sm-10f2">
         <name>TimerIntClear</name>
         <value>0x6e15</value>
         <object_component_ref idref="oc-4a1"/>
      </symbol>
      <symbol id="sm-10fc">
         <name>CPUcpsie</name>
         <value>0x6cfb</value>
         <object_component_ref idref="oc-46e"/>
      </symbol>
      <symbol id="sm-110d">
         <name>__aeabi_memset</name>
         <value>0x4ba3</value>
         <object_component_ref idref="oc-da"/>
      </symbol>
      <symbol id="sm-110e">
         <name>memset</name>
         <value>0x4ba9</value>
         <object_component_ref idref="oc-da"/>
      </symbol>
      <symbol id="sm-110f">
         <name>__aeabi_memset8</name>
         <value>0x4ba3</value>
         <object_component_ref idref="oc-da"/>
      </symbol>
      <symbol id="sm-1110">
         <name>__aeabi_memset4</name>
         <value>0x4ba3</value>
         <object_component_ref idref="oc-da"/>
      </symbol>
      <symbol id="sm-1111">
         <name>__aeabi_memclr8</name>
         <value>0x4ba1</value>
         <object_component_ref idref="oc-da"/>
      </symbol>
      <symbol id="sm-1112">
         <name>__aeabi_memclr4</name>
         <value>0x4ba1</value>
         <object_component_ref idref="oc-da"/>
      </symbol>
      <symbol id="sm-1113">
         <name>__aeabi_memclr</name>
         <value>0x4ba1</value>
         <object_component_ref idref="oc-da"/>
      </symbol>
      <symbol id="sm-1136">
         <name>memcpy</name>
         <value>0x443d</value>
         <object_component_ref idref="oc-57"/>
      </symbol>
      <symbol id="sm-1137">
         <name>__aeabi_memcpy</name>
         <value>0x443d</value>
         <object_component_ref idref="oc-57"/>
      </symbol>
      <symbol id="sm-1138">
         <name>__aeabi_memcpy8</name>
         <value>0x443d</value>
         <object_component_ref idref="oc-57"/>
      </symbol>
      <symbol id="sm-1139">
         <name>__aeabi_memcpy4</name>
         <value>0x443d</value>
         <object_component_ref idref="oc-57"/>
      </symbol>
      <symbol id="sm-1148">
         <name>__aeabi_uidivmod</name>
         <value>0x5f31</value>
         <object_component_ref idref="oc-5af"/>
      </symbol>
      <symbol id="sm-1149">
         <name>__aeabi_uidiv</name>
         <value>0x5f31</value>
         <object_component_ref idref="oc-5af"/>
      </symbol>
      <symbol id="sm-115b">
         <name>__TI_zero_init</name>
         <value>0x6d2d</value>
         <object_component_ref idref="oc-69"/>
      </symbol>
      <symbol id="sm-1172">
         <name>__TI_decompress_none</name>
         <value>0x6ced</value>
         <object_component_ref idref="oc-19"/>
      </symbol>
      <symbol id="sm-1195">
         <name>__TI_decompress_lzss</name>
         <value>0x4f8d</value>
         <object_component_ref idref="oc-13"/>
      </symbol>
      <symbol id="sm-11a5">
         <name>memcmp</name>
         <value>0x66ed</value>
         <object_component_ref idref="oc-4f8"/>
      </symbol>
      <symbol id="sm-11b5">
         <name>strlen</name>
         <value>0x6bcd</value>
         <object_component_ref idref="oc-638"/>
      </symbol>
      <symbol id="sm-11cb">
         <name>__stack</name>
         <value>0x20017f30</value>
         <object_component_ref idref="oc-22"/>
      </symbol>
      <symbol id="sm-11cc">
         <name>_c_int00_noargs</name>
         <value>0x62ad</value>
         <object_component_ref idref="oc-75"/>
      </symbol>
      <symbol id="sm-11da">
         <name>__aeabi_idiv0</name>
         <value>0x4c1b</value>
         <object_component_ref idref="oc-725"/>
      </symbol>
      <symbol id="sm-11db">
         <name>__aeabi_ldiv0</name>
         <value>0x4c1b</value>
         <object_component_ref idref="oc-725"/>
      </symbol>
      <symbol id="sm-1203">
         <name>__TI_auto_init_nobinit_nopinit</name>
         <value>0x5de5</value>
         <object_component_ref idref="oc-2b4"/>
      </symbol>
      <symbol id="sm-120d">
         <name>_system_pre_init</name>
         <value>0x6e19</value>
         <object_component_ref idref="oc-e0"/>
      </symbol>
      <symbol id="sm-1219">
         <name>C$$EXIT</name>
         <value>0x6e1d</value>
         <object_component_ref idref="oc-2a8"/>
      </symbol>
      <symbol id="sm-121a">
         <name>abort</name>
         <value>0x6e1d</value>
         <object_component_ref idref="oc-2a8"/>
      </symbol>
      <symbol id="sm-121f">
         <name>__TI_static_base__</name>
         <value>0x0</value>
      </symbol>
      <symbol id="sm-1222">
         <name>__mpu_init</name>
         <value>0x0</value>
      </symbol>
      <symbol id="sm-1223">
         <name>_system_post_cinit</name>
         <value>0x0</value>
      </symbol>
   </symbol_table>
   <title>Link successful</title>
</link_info>
